Archive member included to satisfy reference by file (symbol)

/Applications/ArmGNUToolchain/14.2.rel1/arm-none-eabi/bin/../lib/gcc/arm-none-eabi/14.2.1/../../../../arm-none-eabi/lib/thumb/v7e-m+fp/hard/libstdc++_nano.a(string-inst.o)
                              CMakeFiles/bootloader.dir/__/__/__/__/__/strhelpers.cpp.obj (std::__cxx11::basic_string<char, std::char_traits<char>, std::allocator<char> >::_S_copy_chars(char*, char const*, char const*))
/Applications/ArmGNUToolchain/14.2.rel1/arm-none-eabi/bin/../lib/gcc/arm-none-eabi/14.2.1/../../../../arm-none-eabi/lib/thumb/v7e-m+fp/hard/libstdc++_nano.a(del_op.o)
                              /Applications/ArmGNUToolchain/14.2.rel1/arm-none-eabi/bin/../lib/gcc/arm-none-eabi/14.2.1/../../../../arm-none-eabi/lib/thumb/v7e-m+fp/hard/libstdc++_nano.a(string-inst.o) (operator delete(void*))
/Applications/ArmGNUToolchain/14.2.rel1/arm-none-eabi/bin/../lib/gcc/arm-none-eabi/14.2.1/../../../../arm-none-eabi/lib/thumb/v7e-m+fp/hard/libstdc++_nano.a(new_op.o)
                              /Applications/ArmGNUToolchain/14.2.rel1/arm-none-eabi/bin/../lib/gcc/arm-none-eabi/14.2.1/../../../../arm-none-eabi/lib/thumb/v7e-m+fp/hard/libstdc++_nano.a(string-inst.o) (operator new(unsigned int))
/Applications/ArmGNUToolchain/14.2.rel1/arm-none-eabi/bin/../lib/gcc/arm-none-eabi/14.2.1/../../../../arm-none-eabi/lib/thumb/v7e-m+fp/hard/libstdc++_nano.a(functexcept.o)
                              /Applications/ArmGNUToolchain/14.2.rel1/arm-none-eabi/bin/../lib/gcc/arm-none-eabi/14.2.1/../../../../arm-none-eabi/lib/thumb/v7e-m+fp/hard/libstdc++_nano.a(string-inst.o) (std::__throw_bad_alloc())
/Applications/ArmGNUToolchain/14.2.rel1/arm-none-eabi/bin/../lib/gcc/arm-none-eabi/14.2.1/../../../../arm-none-eabi/lib/thumb/v7e-m+fp/hard/libstdc++_nano.a(new_handler.o)
                              /Applications/ArmGNUToolchain/14.2.rel1/arm-none-eabi/bin/../lib/gcc/arm-none-eabi/14.2.1/../../../../arm-none-eabi/lib/thumb/v7e-m+fp/hard/libstdc++_nano.a(new_op.o) (std::get_new_handler())
/Applications/ArmGNUToolchain/14.2.rel1/arm-none-eabi/bin/../lib/gcc/arm-none-eabi/14.2.1/../../../../arm-none-eabi/lib/thumb/v7e-m+fp/hard/libg_nano.a(libc_a-abort.o)
                              /Applications/ArmGNUToolchain/14.2.rel1/arm-none-eabi/bin/../lib/gcc/arm-none-eabi/14.2.1/../../../../arm-none-eabi/lib/thumb/v7e-m+fp/hard/libstdc++_nano.a(new_op.o) (abort)
/Applications/ArmGNUToolchain/14.2.rel1/arm-none-eabi/bin/../lib/gcc/arm-none-eabi/14.2.1/../../../../arm-none-eabi/lib/thumb/v7e-m+fp/hard/libg_nano.a(libc_a-div.o)
                              CMakeFiles/bootloader.dir/__/__/__/__/__/strhelpers.cpp.obj (div)
/Applications/ArmGNUToolchain/14.2.rel1/arm-none-eabi/bin/../lib/gcc/arm-none-eabi/14.2.1/../../../../arm-none-eabi/lib/thumb/v7e-m+fp/hard/libg_nano.a(libc_a-exit.o)
                              /Applications/ArmGNUToolchain/14.2.rel1/arm-none-eabi/bin/../lib/gcc/arm-none-eabi/14.2.1/../../../../arm-none-eabi/lib/thumb/v7e-m+fp/hard/crt0.o (exit)
/Applications/ArmGNUToolchain/14.2.rel1/arm-none-eabi/bin/../lib/gcc/arm-none-eabi/14.2.1/../../../../arm-none-eabi/lib/thumb/v7e-m+fp/hard/libg_nano.a(libc_a-malloc.o)
                              /Applications/ArmGNUToolchain/14.2.rel1/arm-none-eabi/bin/../lib/gcc/arm-none-eabi/14.2.1/../../../../arm-none-eabi/lib/thumb/v7e-m+fp/hard/libstdc++_nano.a(new_op.o) (malloc)
/Applications/ArmGNUToolchain/14.2.rel1/arm-none-eabi/bin/../lib/gcc/arm-none-eabi/14.2.1/../../../../arm-none-eabi/lib/thumb/v7e-m+fp/hard/libg_nano.a(libc_a-mallocr.o)
                              /Applications/ArmGNUToolchain/14.2.rel1/arm-none-eabi/bin/../lib/gcc/arm-none-eabi/14.2.1/../../../../arm-none-eabi/lib/thumb/v7e-m+fp/hard/libg_nano.a(libc_a-malloc.o) (_malloc_r)
/Applications/ArmGNUToolchain/14.2.rel1/arm-none-eabi/bin/../lib/gcc/arm-none-eabi/14.2.1/../../../../arm-none-eabi/lib/thumb/v7e-m+fp/hard/libg_nano.a(libc_a-mlock.o)
                              /Applications/ArmGNUToolchain/14.2.rel1/arm-none-eabi/bin/../lib/gcc/arm-none-eabi/14.2.1/../../../../arm-none-eabi/lib/thumb/v7e-m+fp/hard/libg_nano.a(libc_a-mallocr.o) (__malloc_lock)
/Applications/ArmGNUToolchain/14.2.rel1/arm-none-eabi/bin/../lib/gcc/arm-none-eabi/14.2.1/../../../../arm-none-eabi/lib/thumb/v7e-m+fp/hard/libg_nano.a(libc_a-sprintf.o)
                              CMakeFiles/bootloader.dir/__/__/__/__/__/strhelpers.cpp.obj (sprintf)
/Applications/ArmGNUToolchain/14.2.rel1/arm-none-eabi/bin/../lib/gcc/arm-none-eabi/14.2.1/../../../../arm-none-eabi/lib/thumb/v7e-m+fp/hard/libg_nano.a(libc_a-findfp.o)
                              /Applications/ArmGNUToolchain/14.2.rel1/arm-none-eabi/bin/../lib/gcc/arm-none-eabi/14.2.1/../../../../arm-none-eabi/lib/thumb/v7e-m+fp/hard/libg_nano.a(libc_a-exit.o) (__stdio_exit_handler)
/Applications/ArmGNUToolchain/14.2.rel1/arm-none-eabi/bin/../lib/gcc/arm-none-eabi/14.2.1/../../../../arm-none-eabi/lib/thumb/v7e-m+fp/hard/libg_nano.a(libc_a-fwalk.o)
[...]
Memory Configuration

Name             Origin             Length             Attributes
FLASH            0x08000000         0x00080000         xr
RAM              0x20000000         0x00020000         xrw
CCM              0x10000000         0x00010000         xrw
*default*        0x00000000         0xffffffff

Linker script and memory map

LOAD /Applications/ArmGNUToolchain/14.2.rel1/arm-none-eabi/bin/../lib/gcc/arm-none-eabi/14.2.1/thumb/v7e-m+fp/hard/crti.o
LOAD /Applications/ArmGNUToolchain/14.2.rel1/arm-none-eabi/bin/../lib/gcc/arm-none-eabi/14.2.1/thumb/v7e-m+fp/hard/crtbegin.o
LOAD /Applications/ArmGNUToolchain/14.2.rel1/arm-none-eabi/bin/../lib/gcc/arm-none-eabi/14.2.1/../../../../arm-none-eabi/lib/thumb/v7e-m+fp/hard/crt0.o
LOAD CMakeFiles/bootloader.dir/__/__/__/__/__/hal/key_driver.cpp.obj
LOAD CMakeFiles/bootloader.dir/__/__/__/__/__/hal/storage.cpp.obj
LOAD CMakeFiles/bootloader.dir/__/__/__/__/__/hal/fatfs_diskio.cpp.obj
LOAD CMakeFiles/bootloader.dir/__/__/__/__/__/hal/flash_driver.cpp.obj
LOAD CMakeFiles/bootloader.dir/__/__/__/__/__/thirdparty/FatFs/ff.c.obj
LOAD CMakeFiles/bootloader.dir/__/__/__/__/__/thirdparty/FatFs/ffunicode.c.obj
LOAD CMakeFiles/bootloader.dir/__/__/__/__/__/gui/128x64/lcd.cpp.obj
LOAD CMakeFiles/bootloader.dir/__/__/__/__/__/gui/common/stdlcd/fonts.cpp.obj
LOAD CMakeFiles/bootloader.dir/__/__/__/__/__/gui/common/stdlcd/utf8.cpp.obj
LOAD CMakeFiles/bootloader.dir/__/__/__/__/__/keys.cpp.obj
LOAD CMakeFiles/bootloader.dir/__/__/__/__/__/strhelpers.cpp.obj
LOAD CMakeFiles/bootloader.dir/__/__/__/__/__/stamp.cpp.obj
LOAD CMakeFiles/bootloader.dir/__/__/__/__/__/syscalls.c.obj
LOAD CMakeFiles/bootloader.dir/__/__/__/__/__/crc.cpp.obj
LOAD CMakeFiles/bootloader.dir/boot.cpp.obj
LOAD CMakeFiles/bootloader.dir/boot_menu.cpp.obj
LOAD CMakeFiles/bootloader.dir/bin_fw_files.cpp.obj
LOAD ../../../../../CMakeFiles/board_bl.dir/targets/taranis/board.cpp.obj
LOAD ../../../../../CMakeFiles/board_bl.dir/targets/taranis/led_driver.cpp.obj
LOAD ../../../../../CMakeFiles/board_bl.dir/targets/taranis/haptic_driver.cpp.obj
LOAD ../../../../../CMakeFiles/board_bl.dir/targets/taranis/backlight_driver.cpp.obj
LOAD ../../../../../CMakeFiles/board_bl.dir/targets/taranis/lcd_driver_spi.cpp.obj
LOAD ../../../../../CMakeFiles/board_bl.dir/targets/common/arm/stm32/abnormal_reboot.cpp.obj
LOAD ../../../../../CMakeFiles/board_bl.dir/targets/common/arm/stm32/delays_driver.cpp.obj
LOAD ../../../../../CMakeFiles/board_bl.dir/targets/common/arm/stm32/flash_driver.cpp.obj
LOAD ../../../../../CMakeFiles/board_bl.dir/targets/common/arm/stm32/pwr_driver.cpp.obj
LOAD ../../../../../CMakeFiles/board_bl.dir/targets/common/arm/stm32/rtc_driver.cpp.obj
LOAD ../../../../../CMakeFiles/board_bl.dir/targets/common/arm/stm32/watchdog_driver.cpp.obj
LOAD ../../../../../CMakeFiles/board_bl.dir/targets/common/arm/stm32/rotary_encoder_driver.cpp.obj
LOAD ../../../../../CMakeFiles/board_bl.dir/targets/taranis/bootloader/boot_menu.cpp.obj
LOAD ../../../../../CMakeFiles/stm32cube_ll.dir/thirdparty/STM32F4xx_HAL_Driver/Src/stm32f4xx_ll_gpio.c.obj
LOAD /var/folders/y3/f8btrhyd4slc30lssmbw5_300000gp/T//ccnR4qFE.ltrans0.ltrans.o
LOAD /var/folders/y3/f8btrhyd4slc30lssmbw5_300000gp/T//ccYNEP04.debug.temp.o
LOAD /var/folders/y3/f8btrhyd4slc30lssmbw5_300000gp/T//ccDinqeA.debug.temp.o
LOAD /var/folders/y3/f8btrhyd4slc30lssmbw5_300000gp/T//ccEePtY6.debug.temp.o
LOAD /var/folders/y3/f8btrhyd4slc30lssmbw5_300000gp/T//cc04qBoj.debug.temp.o
LOAD /var/folders/y3/f8btrhyd4slc30lssmbw5_300000gp/T//ccy7Wxfb.debug.temp.o
LOAD /var/folders/y3/f8btrhyd4slc30lssmbw5_300000gp/T//ccY3qhpY.debug.temp.o
LOAD /var/folders/y3/f8btrhyd4slc30lssmbw5_300000gp/T//ccJBVFQ1.debug.temp.o
LOAD /var/folders/y3/f8btrhyd4slc30lssmbw5_300000gp/T//cc25990H.debug.temp.o
LOAD /var/folders/y3/f8btrhyd4slc30lssmbw5_300000gp/T//cc7kcCyN.debug.temp.o
LOAD /var/folders/y3/f8btrhyd4slc30lssmbw5_300000gp/T//ccei6gVi.debug.temp.o
LOAD /var/folders/y3/f8btrhyd4slc30lssmbw5_300000gp/T//ccYAdqXk.debug.temp.o
LOAD /var/folders/y3/f8btrhyd4slc30lssmbw5_300000gp/T//ccpeZMBD.debug.temp.o
LOAD /var/folders/y3/f8btrhyd4slc30lssmbw5_300000gp/T//ccZRjj1P.debug.temp.o
LOAD /var/folders/y3/f8btrhyd4slc30lssmbw5_300000gp/T//ccqxJIhg.debug.temp.o
LOAD /var/folders/y3/f8btrhyd4slc30lssmbw5_300000gp/T//ccgdvEzo.debug.temp.o
LOAD /var/folders/y3/f8btrhyd4slc30lssmbw5_300000gp/T//ccCV824E.debug.temp.o
LOAD /var/folders/y3/f8btrhyd4slc30lssmbw5_300000gp/T//cczzYbZs.debug.temp.o
LOAD /var/folders/y3/f8btrhyd4slc30lssmbw5_300000gp/T//ccIGw5yM.debug.temp.o
LOAD /var/folders/y3/f8btrhyd4slc30lssmbw5_300000gp/T//ccL0uVsW.debug.temp.o
LOAD /var/folders/y3/f8btrhyd4slc30lssmbw5_300000gp/T//cc4bLPUE.debug.temp.o
LOAD /var/folders/y3/f8btrhyd4slc30lssmbw5_300000gp/T//ccVot4rJ.debug.temp.o
LOAD /var/folders/y3/f8btrhyd4slc30lssmbw5_300000gp/T//ccFhWCz5.debug.temp.o
LOAD /var/folders/y3/f8btrhyd4slc30lssmbw5_300000gp/T//ccxconwS.debug.temp.o
LOAD /var/folders/y3/f8btrhyd4slc30lssmbw5_300000gp/T//ccH4Zu9l.debug.temp.o
LOAD /var/folders/y3/f8btrhyd4slc30lssmbw5_300000gp/T//ccgxm5mU.debug.temp.o
LOAD /var/folders/y3/f8btrhyd4slc30lssmbw5_300000gp/T//ccMxJv5x.debug.temp.o
LOAD /var/folders/y3/f8btrhyd4slc30lssmbw5_300000gp/T//ccV8hbJr.debug.temp.o
LOAD /var/folders/y3/f8btrhyd4slc30lssmbw5_300000gp/T//ccRvHp52.debug.temp.o
LOAD /var/folders/y3/f8btrhyd4slc30lssmbw5_300000gp/T//ccF5akrU.debug.temp.o
LOAD /var/folders/y3/f8btrhyd4slc30lssmbw5_300000gp/T//ccMl3TYT.debug.temp.o
LOAD /var/folders/y3/f8btrhyd4slc30lssmbw5_300000gp/T//ccMAZCmc.debug.temp.o
LOAD /var/folders/y3/f8btrhyd4slc30lssmbw5_300000gp/T//ccenoOhk.debug.temp.o
LOAD /var/folders/y3/f8btrhyd4slc30lssmbw5_300000gp/T//ccY2rhC9.debug.temp.o
LOAD /var/folders/y3/f8btrhyd4slc30lssmbw5_300000gp/T//ccq9O8sI.debug.temp.o
LOAD /var/folders/y3/f8btrhyd4slc30lssmbw5_300000gp/T//ccCg4mrQ.debug.temp.o
LOAD /var/folders/y3/f8btrhyd4slc30lssmbw5_300000gp/T//ccrbqnX0.debug.temp.o
LOAD /var/folders/y3/f8btrhyd4slc30lssmbw5_300000gp/T//cc4QLP8B.debug.temp.o
LOAD /var/folders/y3/f8btrhyd4slc30lssmbw5_300000gp/T//cc9cpNqY.debug.temp.o
LOAD /var/folders/y3/f8btrhyd4slc30lssmbw5_300000gp/T//ccv7FnNM.debug.temp.o
LOAD /var/folders/y3/f8btrhyd4slc30lssmbw5_300000gp/T//ccGJVuLG.debug.temp.o
LOAD /var/folders/y3/f8btrhyd4slc30lssmbw5_300000gp/T//ccSh2J9Z.debug.temp.o
LOAD /var/folders/y3/f8btrhyd4slc30lssmbw5_300000gp/T//cc0XswIM.debug.temp.o
LOAD /var/folders/y3/f8btrhyd4slc30lssmbw5_300000gp/T//ccsZuVPJ.debug.temp.o
LOAD /var/folders/y3/f8btrhyd4slc30lssmbw5_300000gp/T//ccXbEXQa.debug.temp.o
LOAD /var/folders/y3/f8btrhyd4slc30lssmbw5_300000gp/T//cc2QH1C2.debug.temp.o
LOAD /var/folders/y3/f8btrhyd4slc30lssmbw5_300000gp/T//ccVBRqVh.debug.temp.o
LOAD /var/folders/y3/f8btrhyd4slc30lssmbw5_300000gp/T//ccLivbPg.debug.temp.o
LOAD /var/folders/y3/f8btrhyd4slc30lssmbw5_300000gp/T//ccV1VoGZ.debug.temp.o
LOAD /var/folders/y3/f8btrhyd4slc30lssmbw5_300000gp/T//cc6pF6Qi.debug.temp.o
LOAD /var/folders/y3/f8btrhyd4slc30lssmbw5_300000gp/T//ccw23qVC.debug.temp.o
LOAD /var/folders/y3/f8btrhyd4slc30lssmbw5_300000gp/T//ccSiVDYH.debug.temp.o
LOAD /var/folders/y3/f8btrhyd4slc30lssmbw5_300000gp/T//ccESdnjE.debug.temp.o
LOAD /var/folders/y3/f8btrhyd4slc30lssmbw5_300000gp/T//ccCxZagX.debug.temp.o
LOAD /var/folders/y3/f8btrhyd4slc30lssmbw5_300000gp/T//ccc9UBBj.debug.temp.o
LOAD ../../../../../CMakeFiles/stm32cube_ll.dir/thirdparty/STM32F4xx_HAL_Driver/Src/stm32f4xx_ll_fmc.c.obj
LOAD ../../../../../CMakeFiles/stm32cube_ll.dir/thirdparty/STM32F4xx_HAL_Driver/Src/stm32f4xx_ll_tim.c.obj
LOAD ../../../../../CMakeFiles/stm32cube_ll.dir/thirdparty/STM32F4xx_HAL_Driver/Src/stm32f4xx_ll_dma.c.obj
LOAD ../../../../../CMakeFiles/stm32cube_ll.dir/thirdparty/STM32F4xx_HAL_Driver/Src/stm32f4xx_ll_usart.c.obj
LOAD ../../../../../CMakeFiles/stm32cube_ll.dir/thirdparty/STM32F4xx_HAL_Driver/Src/stm32f4xx_ll_rcc.c.obj
LOAD ../../../../../CMakeFiles/stm32cube_ll.dir/thirdparty/STM32F4xx_HAL_Driver/Src/stm32f4xx_ll_exti.c.obj
LOAD ../../../../../CMakeFiles/stm32cube_ll.dir/thirdparty/STM32F4xx_HAL_Driver/Src/stm32f4xx_ll_sdmmc.c.obj
LOAD ../../../../../CMakeFiles/stm32cube_ll.dir/thirdparty/STM32F4xx_HAL_Driver/Src/stm32f4xx_ll_adc.c.obj
LOAD ../../../../../CMakeFiles/stm32cube_ll.dir/thirdparty/STM32F4xx_HAL_Driver/Src/stm32f4xx_ll_spi.c.obj
LOAD ../../../../../CMakeFiles/stm32cube_ll.dir/thirdparty/STM32F4xx_HAL_Driver/Src/stm32f4xx_ll_usb.c.obj
LOAD ../../../../../CMakeFiles/stm32cube_ll.dir/thirdparty/STM32F4xx_HAL_Driver/Src/stm32f4xx_hal.c.obj
LOAD ../../../../../CMakeFiles/stm32cube_ll.dir/thirdparty/STM32F4xx_HAL_Driver/Src/stm32f4xx_hal_pwr.c.obj
LOAD ../../../../../CMakeFiles/stm32cube_ll.dir/thirdparty/STM32F4xx_HAL_Driver/Src/stm32f4xx_hal_pwr_ex.c.obj
LOAD ../../../../../CMakeFiles/stm32cube_ll.dir/thirdparty/STM32F4xx_HAL_Driver/Src/stm32f4xx_hal_rcc.c.obj
LOAD ../../../../../CMakeFiles/stm32cube_ll.dir/thirdparty/STM32F4xx_HAL_Driver/Src/stm32f4xx_hal_rcc_ex.c.obj
LOAD ../../../../../CMakeFiles/stm32cube_ll.dir/thirdparty/STM32F4xx_HAL_Driver/Src/stm32f4xx_hal_rtc.c.obj
LOAD ../../../../../CMakeFiles/stm32cube_ll.dir/thirdparty/STM32F4xx_HAL_Driver/Src/stm32f4xx_hal_i2c.c.obj
LOAD ../../../../../CMakeFiles/stm32cube_ll.dir/thirdparty/STM32F4xx_HAL_Driver/Src/stm32f4xx_hal_i2c_ex.c.obj
LOAD ../../../../../CMakeFiles/stm32cube_ll.dir/thirdparty/STM32F4xx_HAL_Driver/Src/stm32f4xx_hal_sd.c.obj
LOAD ../../../../../CMakeFiles/stm32cube_ll.dir/thirdparty/STM32F4xx_HAL_Driver/Src/stm32f4xx_hal_dma.c.obj
LOAD ../../../../../CMakeFiles/stm32cube_ll.dir/thirdparty/STM32F4xx_HAL_Driver/Src/stm32f4xx_hal_pcd.c.obj
LOAD ../../../../../CMakeFiles/stm32cube_ll.dir/thirdparty/STM32F4xx_HAL_Driver/Src/stm32f4xx_hal_pcd_ex.c.obj
LOAD ../../../../../CMakeFiles/stm32cube_ll.dir/thirdparty/STM32F4xx_HAL_Driver/Src/stm32f4xx_hal_flash.c.obj
LOAD ../../../../../CMakeFiles/stm32cube_ll.dir/thirdparty/STM32F4xx_HAL_Driver/Src/stm32f4xx_hal_flash_ex.c.obj
LOAD ../../../../../CMakeFiles/stm32cube_ll.dir/thirdparty/STM32F4xx_HAL_Driver/Src/stm32f4xx_hal_cortex.c.obj
LOAD ../../../../../CMakeFiles/stm32_stdperiph.dir/targets/common/arm/stm32/f4/system_stm32f4xx.c.obj
LOAD ../../../../../CMakeFiles/stm32_stdperiph.dir/boards/generic_stm32/startup/startup_stm32f40_41xxx.s.obj
LOAD ../../../../../CMakeFiles/stm32usb.dir/thirdparty/STM32_USB_Device_Library/Core/Src/usbd_core.c.obj
LOAD ../../../../../CMakeFiles/stm32usb.dir/thirdparty/STM32_USB_Device_Library/Core/Src/usbd_ctlreq.c.obj
LOAD ../../../../../CMakeFiles/stm32usb.dir/thirdparty/STM32_USB_Device_Library/Core/Src/usbd_ioreq.c.obj
LOAD ../../../../../CMakeFiles/stm32usb.dir/thirdparty/STM32_USB_Device_Library/Class/CDC/Src/usbd_cdc.c.obj
LOAD ../../../../../CMakeFiles/stm32usb.dir/thirdparty/STM32_USB_Device_Library/Class/DFU/Src/usbd_dfu.c.obj
LOAD ../../../../../CMakeFiles/stm32usb.dir/thirdparty/STM32_USB_Device_Library/Class/MSC/Src/usbd_msc_data.c.obj
LOAD ../../../../../CMakeFiles/stm32usb.dir/thirdparty/STM32_USB_Device_Library/Class/MSC/Src/usbd_msc_scsi.c.obj
LOAD ../../../../../CMakeFiles/stm32usb.dir/thirdparty/STM32_USB_Device_Library/Class/MSC/Src/usbd_msc_bot.c.obj
LOAD ../../../../../CMakeFiles/stm32usb.dir/thirdparty/STM32_USB_Device_Library/Class/MSC/Src/usbd_msc.c.obj
LOAD ../../../../../CMakeFiles/stm32usb_device_bl.dir/targets/common/arm/stm32/usbd_conf.c.obj
LOAD ../../../../../CMakeFiles/stm32usb_device_bl.dir/targets/common/arm/stm32/usbd_desc.c.obj
LOAD ../../../../../CMakeFiles/stm32usb_device_bl.dir/targets/common/arm/stm32/usbd_storage_msd.cpp.obj
LOAD ../../../../../CMakeFiles/stm32usb_device_bl.dir/targets/common/arm/stm32/usb_driver.cpp.obj
LOAD ../../../../../CMakeFiles/stm32_drivers.dir/targets/common/arm/stm32/stm32_hal.cpp.obj
LOAD ../../../../../CMakeFiles/stm32_drivers.dir/targets/common/arm/stm32/timers_driver.cpp.obj
LOAD ../../../../../CMakeFiles/stm32_drivers.dir/targets/common/arm/stm32/diskio_spi.cpp.obj
LOAD ../../../../../CMakeFiles/stm32_drivers.dir/targets/common/arm/stm32/stm32_exti_driver.cpp.obj
LOAD ../../../../../CMakeFiles/stm32_drivers.dir/targets/common/arm/stm32/stm32_serial_driver.cpp.obj
LOAD ../../../../../CMakeFiles/stm32_drivers.dir/targets/common/arm/stm32/stm32_usart_driver.cpp.obj
LOAD ../../../../../CMakeFiles/stm32_drivers.dir/targets/common/arm/stm32/stm32_gpio_driver.cpp.obj
LOAD ../../../../../CMakeFiles/stm32_drivers.dir/targets/common/arm/stm32/stm32_i2c_driver.cpp.obj
LOAD ../../../../../CMakeFiles/stm32_drivers.dir/targets/common/arm/stm32/stm32_timer.cpp.obj
LOAD ../../../../../CMakeFiles/stm32_drivers.dir/targets/common/arm/stm32/stm32_dma.cpp.obj
LOAD ../../../../../CMakeFiles/stm32_drivers.dir/targets/common/arm/stm32/stm32_gpio.cpp.obj
LOAD ../../../../../CMakeFiles/stm32_drivers.dir/targets/common/arm/stm32/stm32_spi.cpp.obj
LOAD ../../../../../CMakeFiles/stm32_drivers.dir/targets/common/arm/stm32/stm32_adc.cpp.obj
LOAD ../../../../../CMakeFiles/stm32_drivers_w_dbg_bl.dir/targets/common/arm/stm32/sdcard_spi.cpp.obj
LOAD ../../../../../CMakeFiles/stm32_drivers_w_dbg_bl.dir/targets/common/arm/stm32/diskio_sdio.cpp.obj
LOAD ../../../../../CMakeFiles/minimal_board_lib.dir/boards/generic_stm32/inputs.cpp.obj
LOAD ../../../../../CMakeFiles/minimal_board_lib.dir/boards/generic_stm32/i2c_bus.cpp.obj
LOAD ../../../../../CMakeFiles/minimal_board_lib.dir/boards/generic_stm32/bl_keys.cpp.obj
LOAD ../../../../../CMakeFiles/minimal_board_lib.dir/boards/generic_stm32/aux_ports.cpp.obj
LOAD /Applications/ArmGNUToolchain/14.2.rel1/arm-none-eabi/bin/../lib/gcc/arm-none-eabi/14.2.1/../../../../arm-none-eabi/lib/thumb/v7e-m+fp/hard/libstdc++_nano.a
LOAD /Applications/ArmGNUToolchain/14.2.rel1/arm-none-eabi/bin/../lib/gcc/arm-none-eabi/14.2.1/../../../../arm-none-eabi/lib/thumb/v7e-m+fp/hard/libm.a
START GROUP
LOAD /Applications/ArmGNUToolchain/14.2.rel1/arm-none-eabi/bin/../lib/gcc/arm-none-eabi/14.2.1/thumb/v7e-m+fp/hard/libgcc.a
LOAD /Applications/ArmGNUToolchain/14.2.rel1/arm-none-eabi/bin/../lib/gcc/arm-none-eabi/14.2.1/../../../../arm-none-eabi/lib/thumb/v7e-m+fp/hard/libg_nano.a
LOAD /Applications/ArmGNUToolchain/14.2.rel1/arm-none-eabi/bin/../lib/gcc/arm-none-eabi/14.2.1/../../../../arm-none-eabi/lib/thumb/v7e-m+fp/hard/libc_nano.a
END GROUP
START GROUP
LOAD /Applications/ArmGNUToolchain/14.2.rel1/arm-none-eabi/bin/../lib/gcc/arm-none-eabi/14.2.1/thumb/v7e-m+fp/hard/libgcc.a
LOAD /Applications/ArmGNUToolchain/14.2.rel1/arm-none-eabi/bin/../lib/gcc/arm-none-eabi/14.2.1/../../../../arm-none-eabi/lib/thumb/v7e-m+fp/hard/libc_nano.a
END GROUP
LOAD /Applications/ArmGNUToolchain/14.2.rel1/arm-none-eabi/bin/../lib/gcc/arm-none-eabi/14.2.1/thumb/v7e-m+fp/hard/crtend.o
LOAD /Applications/ArmGNUToolchain/14.2.rel1/arm-none-eabi/bin/../lib/gcc/arm-none-eabi/14.2.1/thumb/v7e-m+fp/hard/crtn.o
                0x10010000                        STACK_ADDRESS = (ORIGIN (CCM) + LENGTH (CCM))
                0x00000400                        MAIN_STACK_SIZE = 0x400
                0x00008000                        BOOTLOADER_SIZE = 0x8000
                0x00000000                        MIN_HEAP_SIZE = 0x0
                0x20020000                        HEAP_ADDRESS = (ORIGIN (RAM) + LENGTH (RAM))
                0x10010000                        _estack = STACK_ADDRESS
                0x1000fc00                        _main_stack_start = (_estack - MAIN_STACK_SIZE)
                0x20020000                        _heap_end = HEAP_ADDRESS

.isr_vector     0x08000000      0x188
                0x08000000                        _sisr_vector = .
 *(.isr_vector)
 .isr_vector    0x08000000      0x188 ../../../../../CMakeFiles/stm32_stdperiph.dir/boards/generic_stm32/startup/startup_stm32f40_41xxx.s.obj
                0x08000000                g_pfnVectors
                0x08000188                        . = ALIGN (0x4)
                0x08000188                        _eisr_vector = .
                0x08000000                        _isr_load = LOADADDR (.isr_vector)

.text           0x08000188     0x7b84
 FILL mask 0xffff
 CREATE_OBJECT_SYMBOLS
                0x08000188                        _stext = .
 *(.version)
 .version       0x08000188        0x6 CMakeFiles/bootloader.dir/boot.cpp.obj
 *(.bootversiondata)
 .bootversiondata
                0x0800018e       0x1d CMakeFiles/bootloader.dir/__/__/__/__/__/stamp.cpp.obj
 *(.text .text* .gnu.linkonce.t.*)
 *fill*         0x080001ab        0x1 ffff
 .text.deregister_tm_clones
                0x080001ac       0x1c /Applications/ArmGNUToolchain/14.2.rel1/arm-none-eabi/bin/../lib/gcc/arm-none-eabi/14.2.1/thumb/v7e-m+fp/hard/crtbegin.o
 .text.register_tm_clones
                0x080001c8       0x24 /Applications/ArmGNUToolchain/14.2.rel1/arm-none-eabi/bin/../lib/gcc/arm-none-eabi/14.2.1/thumb/v7e-m+fp/hard/crtbegin.o
 .text.__do_global_dtors_aux
                0x080001ec       0x28 /Applications/ArmGNUToolchain/14.2.rel1/arm-none-eabi/bin/../lib/gcc/arm-none-eabi/14.2.1/thumb/v7e-m+fp/hard/crtbegin.o
 .text.frame_dummy
                0x08000214       0x24 /Applications/ArmGNUToolchain/14.2.rel1/arm-none-eabi/bin/../lib/gcc/arm-none-eabi/14.2.1/thumb/v7e-m+fp/hard/crtbegin.o
 .text._Z15keysGetMaxTrimsv
                0x08000238        0x4 CMakeFiles/bootloader.dir/__/__/__/__/__/hal/key_driver.cpp.obj
                0x08000238                keysGetMaxTrims()
 .text._Z11storageInitv
                0x0800023c       0x1c CMakeFiles/bootloader.dir/__/__/__/__/__/hal/storage.cpp.obj
                0x0800023c                storageInit()
 .text._Z13storageDeInitv
                0x08000258        0x4 CMakeFiles/bootloader.dir/__/__/__/__/__/hal/storage.cpp.obj
                0x08000258                storageDeInit()
 .text._Z16storageIsPresentv
                0x0800025c       0x1c CMakeFiles/bootloader.dir/__/__/__/__/__/hal/storage.cpp.obj
                0x0800025c                storageIsPresent()
 .text._Z23storageGetDefaultDriverv
                0x08000278        0x8 CMakeFiles/bootloader.dir/__/__/__/__/__/hal/storage.cpp.obj
                0x08000278                storageGetDefaultDriver()
 .text._Z19fatfsRegisterDriverPK15diskio_driver_th
                0x08000280       0x24 CMakeFiles/bootloader.dir/__/__/__/__/__/hal/fatfs_diskio.cpp.obj
                0x08000280                fatfsRegisterDriver(diskio_driver_t const*, unsigned char)
 .text._Z14fatfsGetDriverh
                0x080002a4       0x1c CMakeFiles/bootloader.dir/__/__/__/__/__/hal/fatfs_diskio.cpp.obj
                0x080002a4                fatfsGetDriver(unsigned char)
 .text.disk_initialize
                0x080002c0       0x38 CMakeFiles/bootloader.dir/__/__/__/__/__/hal/fatfs_diskio.cpp.obj
                0x080002c0                disk_initialize
 .text.disk_status
                0x080002f8       0x14 CMakeFiles/bootloader.dir/__/__/__/__/__/hal/fatfs_diskio.cpp.obj
                0x080002f8                disk_status
 .text.disk_read
                0x0800030c       0x1c CMakeFiles/bootloader.dir/__/__/__/__/__/hal/fatfs_diskio.cpp.obj
                0x0800030c                disk_read
 .text.disk_ioctl
                0x08000328       0x1c CMakeFiles/bootloader.dir/__/__/__/__/__/hal/fatfs_diskio.cpp.obj
                0x08000328                disk_ioctl
 .text._Z22fatfsUnregisterDriversv
                0x08000344       0x58 CMakeFiles/bootloader.dir/__/__/__/__/__/hal/fatfs_diskio.cpp.obj
                0x08000344                fatfsUnregisterDrivers()
 .text.ld_dword
                0x0800039c        0x4 CMakeFiles/bootloader.dir/__/__/__/__/__/thirdparty/FatFs/ff.c.obj
 .text.clst2sect
                0x080003a0       0x16 CMakeFiles/bootloader.dir/__/__/__/__/__/thirdparty/FatFs/ff.c.obj
 *fill*         0x080003b6        0x2 ffff
 .text.get_ldnumber
                0x080003b8       0x34 CMakeFiles/bootloader.dir/__/__/__/__/__/thirdparty/FatFs/ff.c.obj
 .text.validate
                0x080003ec       0x34 CMakeFiles/bootloader.dir/__/__/__/__/__/thirdparty/FatFs/ff.c.obj
 .text.get_fileinfo
                0x08000420      0x138 CMakeFiles/bootloader.dir/__/__/__/__/__/thirdparty/FatFs/ff.c.obj
 .text.move_window
                0x08000558       0x2a CMakeFiles/bootloader.dir/__/__/__/__/__/thirdparty/FatFs/ff.c.obj
 *fill*         0x08000582        0x2 ffff
 .text.check_fs
                0x08000584       0xa0 CMakeFiles/bootloader.dir/__/__/__/__/__/thirdparty/FatFs/ff.c.obj
 .text.mount_volume.isra.0
                0x08000624      0x1bc CMakeFiles/bootloader.dir/__/__/__/__/__/thirdparty/FatFs/ff.c.obj
 .text.ld_clust.isra.0
                0x080007e0       0x10 CMakeFiles/bootloader.dir/__/__/__/__/__/thirdparty/FatFs/ff.c.obj
 .text.get_fat.isra.0
                0x080007f0       0xac CMakeFiles/bootloader.dir/__/__/__/__/__/thirdparty/FatFs/ff.c.obj
 .text.dir_next.constprop.0
                0x0800089c       0x74 CMakeFiles/bootloader.dir/__/__/__/__/__/thirdparty/FatFs/ff.c.obj
 .text.dir_sdi  0x08000910       0x78 CMakeFiles/bootloader.dir/__/__/__/__/__/thirdparty/FatFs/ff.c.obj
 .text.follow_path
                0x08000988      0x48c CMakeFiles/bootloader.dir/__/__/__/__/__/thirdparty/FatFs/ff.c.obj
 .text.dir_read.constprop.0
                0x08000e14       0xf8 CMakeFiles/bootloader.dir/__/__/__/__/__/thirdparty/FatFs/ff.c.obj
 .text.f_mount  0x08000f0c       0x4c CMakeFiles/bootloader.dir/__/__/__/__/__/thirdparty/FatFs/ff.c.obj
                0x08000f0c                f_mount
 .text.f_open   0x08000f58       0x9c CMakeFiles/bootloader.dir/__/__/__/__/__/thirdparty/FatFs/ff.c.obj
                0x08000f58                f_open
 .text.f_read   0x08000ff4      0x110 CMakeFiles/bootloader.dir/__/__/__/__/__/thirdparty/FatFs/ff.c.obj
                0x08000ff4                f_read
 .text.f_close  0x08001104       0x12 CMakeFiles/bootloader.dir/__/__/__/__/__/thirdparty/FatFs/ff.c.obj
                0x08001104                f_close
 .text.f_chdir  0x08001116       0x60 CMakeFiles/bootloader.dir/__/__/__/__/__/thirdparty/FatFs/ff.c.obj
                0x08001116                f_chdir
 .text.f_lseek  0x08001176       0xba CMakeFiles/bootloader.dir/__/__/__/__/__/thirdparty/FatFs/ff.c.obj
                0x08001176                f_lseek
 .text.f_opendir
                0x08001230       0x6c CMakeFiles/bootloader.dir/__/__/__/__/__/thirdparty/FatFs/ff.c.obj
                0x08001230                f_opendir
 .text.f_readdir
                0x0800129c       0x56 CMakeFiles/bootloader.dir/__/__/__/__/__/thirdparty/FatFs/ff.c.obj
                0x0800129c                f_readdir
 *fill*         0x080012f2        0x2 ffff
 .text.ff_uni2oem
                0x080012f4       0x3c CMakeFiles/bootloader.dir/__/__/__/__/__/thirdparty/FatFs/ffunicode.c.obj
                0x080012f4                ff_uni2oem
 .text.ff_oem2uni
                0x08001330       0x28 CMakeFiles/bootloader.dir/__/__/__/__/__/thirdparty/FatFs/ffunicode.c.obj
                0x08001330                ff_oem2uni
 .text.ff_wtoupper
                0x08001358       0x90 CMakeFiles/bootloader.dir/__/__/__/__/__/thirdparty/FatFs/ffunicode.c.obj
                0x08001358                ff_wtoupper
 .text._Z8lcdClearv
                0x080013e8       0x10 CMakeFiles/bootloader.dir/__/__/__/__/__/gui/128x64/lcd.cpp.obj
                0x080013e8                lcdClear()
 .text._Z15getPatternWidthPK11PatternData
                0x080013f8       0x30 CMakeFiles/bootloader.dir/__/__/__/__/__/gui/128x64/lcd.cpp.obj
                0x080013f8                getPatternWidth(PatternData const*)
 .text._Z12getCharWidthcm
                0x08001428       0x28 CMakeFiles/bootloader.dir/__/__/__/__/__/gui/128x64/lcd.cpp.obj
                0x08001428                getCharWidth(char, unsigned long)
 .text._Z12getTextWidthPKchm
                0x08001450       0x4c CMakeFiles/bootloader.dir/__/__/__/__/__/gui/128x64/lcd.cpp.obj
                0x08001450                getTextWidth(char const*, unsigned char, unsigned long)
 .text._Z14lcdSetContrastb
                0x0800149c        0x6 CMakeFiles/bootloader.dir/__/__/__/__/__/gui/128x64/lcd.cpp.obj
                0x0800149c                lcdSetContrast(bool)
 .text._Z12lcdMaskPointPhhm
                0x080014a2       0x1a CMakeFiles/bootloader.dir/__/__/__/__/__/gui/128x64/lcd.cpp.obj
                0x080014a2                lcdMaskPoint(unsigned char*, unsigned char, unsigned long)
 .text._Z19lcdDrawVerticalLineiiihm
                0x080014bc       0xb8 CMakeFiles/bootloader.dir/__/__/__/__/__/gui/128x64/lcd.cpp.obj
                0x080014bc                lcdDrawVerticalLine(int, int, int, unsigned char, unsigned long)
 .text._Z12lcdDrawPointiim
                0x08001574       0x40 CMakeFiles/bootloader.dir/__/__/__/__/__/gui/128x64/lcd.cpp.obj
                0x08001574                lcdDrawPoint(int, int, unsigned long)
 .text._Z13lcdPutPatterniiPKhhhm
                0x080015b4      0x170 CMakeFiles/bootloader.dir/__/__/__/__/__/gui/128x64/lcd.cpp.obj
                0x080015b4                lcdPutPattern(int, int, unsigned char const*, unsigned char, unsigned char, unsigned long)
 .text._Z11lcdDrawChariihm
                0x08001724       0x2c CMakeFiles/bootloader.dir/__/__/__/__/__/gui/128x64/lcd.cpp.obj
                0x08001724                lcdDrawChar(int, int, unsigned char, unsigned long)
 .text._Z16lcdDrawSizedTextiiPKchm
                0x08001750       0xf4 CMakeFiles/bootloader.dir/__/__/__/__/__/gui/128x64/lcd.cpp.obj
                0x08001750                lcdDrawSizedText(int, int, char const*, unsigned char, unsigned long)
 .text._Z11lcdDrawTextiiPKcm
                0x08001844       0x10 CMakeFiles/bootloader.dir/__/__/__/__/__/gui/128x64/lcd.cpp.obj
                0x08001844                lcdDrawText(int, int, char const*, unsigned long)
 .text._Z19lcdDrawCenteredTextiPKcm
                0x08001854       0x2c CMakeFiles/bootloader.dir/__/__/__/__/__/gui/128x64/lcd.cpp.obj
                0x08001854                lcdDrawCenteredText(int, char const*, unsigned long)
 .text._Z13lcdInvertLinea
                0x08001880       0x24 CMakeFiles/bootloader.dir/__/__/__/__/__/gui/128x64/lcd.cpp.obj
                0x08001880                lcdInvertLine(signed char)
 .text._Z21lcdDrawHorizontalLineiiihm
                0x080018a4       0x6c CMakeFiles/bootloader.dir/__/__/__/__/__/gui/128x64/lcd.cpp.obj
                0x080018a4                lcdDrawHorizontalLine(int, int, int, unsigned char, unsigned long)
 .text._Z26lcdDrawSolidHorizontalLineiiim
                0x08001910       0x10 CMakeFiles/bootloader.dir/__/__/__/__/__/gui/128x64/lcd.cpp.obj
                0x08001910                lcdDrawSolidHorizontalLine(int, int, int, unsigned long)
 .text._Z11lcdDrawRectiiiihm
                0x08001920       0x64 CMakeFiles/bootloader.dir/__/__/__/__/__/gui/128x64/lcd.cpp.obj
                0x08001920                lcdDrawRect(int, int, int, int, unsigned char, unsigned long)
 .text._Z13map_utf8_charRPKcRh
                0x08001984       0x8e CMakeFiles/bootloader.dir/__/__/__/__/__/gui/common/stdlcd/utf8.cpp.obj
                0x08001984                map_utf8_char(char const*&, unsigned char&)
 *fill*         0x08001a12        0x2 ffff
 .text._ZN3Key5inputEb
                0x08001a14       0xbc CMakeFiles/bootloader.dir/__/__/__/__/__/keys.cpp.obj
                0x08001a14                Key::input(bool)
 .text._Z9pushEventt
                0x08001ad0        0xc CMakeFiles/bootloader.dir/__/__/__/__/__/keys.cpp.obj
                0x08001ad0                pushEvent(unsigned short)
 .text._Z8getEventv
                0x08001adc       0x10 CMakeFiles/bootloader.dir/__/__/__/__/__/keys.cpp.obj
                0x08001adc                getEvent()
 .text._Z16keysPollingCyclev
                0x08001aec       0xa0 CMakeFiles/bootloader.dir/__/__/__/__/__/keys.cpp.obj
                0x08001aec                keysPollingCycle()
 .text._Z9strAppendPcPKci
                0x08001b8c       0x26 CMakeFiles/bootloader.dir/__/__/__/__/__/strhelpers.cpp.obj
                0x08001b8c                strAppend(char*, char const*, int)
 *fill*         0x08001bb2        0x2 ffff
 .text._Z18getFirmwareVersionPKh
                0x08001bb4       0x48 CMakeFiles/bootloader.dir/__/__/__/__/__/stamp.cpp.obj
                0x08001bb4                getFirmwareVersion(unsigned char const*)
 .text._Z16boardBLEarlyInitv
                0x08001bfc        0x2 CMakeFiles/bootloader.dir/boot.cpp.obj
                0x08001bfc                boardBLEarlyInit()
 .text._Z14boardBLPreJumpv
                0x08001bfe        0x2 CMakeFiles/bootloader.dir/boot.cpp.obj
                0x08001bfe                boardBLPreJump()
 .text._Z11boardBLInitv
                0x08001c00        0x2 CMakeFiles/bootloader.dir/boot.cpp.obj
                0x08001c00                boardBLInit()
 *fill*         0x08001c02        0x2 ffff
 .text._Z17bootloaderInitAppv
                0x08001c04       0x64 CMakeFiles/bootloader.dir/boot.cpp.obj
                0x08001c04                bootloaderInitApp()
 .text.startup.main
                0x08001c68       0x1c CMakeFiles/bootloader.dir/boot.cpp.obj
                0x08001c68                main
 .text._Z13IS_NEXT_EVENTt
                0x08001c84       0x20 CMakeFiles/bootloader.dir/boot_menu.cpp.obj
                0x08001c84                IS_NEXT_EVENT(unsigned short)
 .text._Z17IS_PREVIOUS_EVENTt
                0x08001ca4       0x20 CMakeFiles/bootloader.dir/boot_menu.cpp.obj
                0x08001ca4                IS_PREVIOUS_EVENT(unsigned short)
 .text._Z6per5msv
                0x08001cc4        0x2 CMakeFiles/bootloader.dir/boot_menu.cpp.obj
                0x08001cc4                per5ms()
 *fill*         0x08001cc6        0x2 ffff
 .text._Z7per10msv
                0x08001cc8       0x4c CMakeFiles/bootloader.dir/boot_menu.cpp.obj
                0x08001cc8                per10ms()
 .text._Z13menuFlashFilemt
                0x08001d14       0x48 CMakeFiles/bootloader.dir/boot_menu.cpp.obj
                0x08001d14                menuFlashFile(unsigned long, unsigned short)
 .text._Z14bootloaderMenuv
                0x08001d5c      0x284 CMakeFiles/bootloader.dir/boot_menu.cpp.obj
                0x08001d5c                bootloaderMenu()
 .text._ZL15findNextBinFileP7FILINFO
                0x08001fe0       0x68 CMakeFiles/bootloader.dir/bin_fw_files.cpp.obj
 .text._Z6sdInitv
                0x08002048       0x2c CMakeFiles/bootloader.dir/bin_fw_files.cpp.obj
                0x08002048                sdInit()
 .text._Z6sdDonev
                0x08002074       0x18 CMakeFiles/bootloader.dir/bin_fw_files.cpp.obj
                0x08002074                sdDone()
 .text._Z15openFirmwareDirv
                0x0800208c       0x24 CMakeFiles/bootloader.dir/bin_fw_files.cpp.obj
                0x0800208c                openFirmwareDir()
 .text._Z18fetchFirmwareFilesj
                0x080020b0       0x78 CMakeFiles/bootloader.dir/bin_fw_files.cpp.obj
                0x080020b0                fetchFirmwareFiles(unsigned int)
 .text._Z26getFirmwareFileNameByIndexj
                0x08002128       0x1c CMakeFiles/bootloader.dir/bin_fw_files.cpp.obj
                0x08002128                getFirmwareFileNameByIndex(unsigned int)
 .text._Z16openFirmwareFilej
                0x08002144       0x94 CMakeFiles/bootloader.dir/bin_fw_files.cpp.obj
                0x08002144                openFirmwareFile(unsigned int)
 .text._Z22getFileFirmwareVersionP10VersionTag
                0x080021d8       0x58 CMakeFiles/bootloader.dir/bin_fw_files.cpp.obj
                0x080021d8                getFileFirmwareVersion(VersionTag*)
 .text._Z16readFirmwareFilev
                0x08002230       0x20 CMakeFiles/bootloader.dir/bin_fw_files.cpp.obj
                0x08002230                readFirmwareFile()
 .text._Z17closeFirmwareFilev
                0x08002250        0xc CMakeFiles/bootloader.dir/bin_fw_files.cpp.obj
                0x08002250                closeFirmwareFile()
 .text._Z17checkFirmwareFilej13FlashCheckRes
                0x0800225c       0x2c CMakeFiles/bootloader.dir/bin_fw_files.cpp.obj
                0x0800225c                checkFirmwareFile(unsigned int, FlashCheckRes)
 .text._Z17firmwareInitWritem
                0x08002288       0x38 CMakeFiles/bootloader.dir/bin_fw_files.cpp.obj
                0x08002288                firmwareInitWrite(unsigned long)
 .text._Z18firmwareWriteBlockPm
                0x080022c0       0x7c CMakeFiles/bootloader.dir/bin_fw_files.cpp.obj
                0x080022c0                firmwareWriteBlock(unsigned long*)
 .text._Z8boardOffv
                0x0800233c       0x60 ../../../../../CMakeFiles/board_bl.dir/targets/taranis/board.cpp.obj
                0x0800233c                boardOff()
 .text.backlightInit
                0x0800239c        0x2 ../../../../../CMakeFiles/board_bl.dir/targets/taranis/backlight_driver.cpp.obj
                0x0800239c                backlightInit
 .text.backlightFullOn
                0x0800239e        0x2 ../../../../../CMakeFiles/board_bl.dir/targets/taranis/backlight_driver.cpp.obj
                0x0800239e                backlightFullOn
 .text._Z15lcdWriteCommandh
                0x080023a0       0x38 ../../../../../CMakeFiles/board_bl.dir/targets/taranis/lcd_driver_spi.cpp.obj
                0x080023a0                lcdWriteCommand(unsigned char)
 .text._Z15lcdHardwareInitv
                0x080023d8       0xe4 ../../../../../CMakeFiles/board_bl.dir/targets/taranis/lcd_driver_spi.cpp.obj
                0x080023d8                lcdHardwareInit()
 .text._Z12lcdColumnSeth
                0x080024bc       0x1a ../../../../../CMakeFiles/board_bl.dir/targets/taranis/lcd_driver_spi.cpp.obj
                0x080024bc                lcdColumnSet(unsigned char)
 .text._Z10lcdPageSeth
                0x080024d6        0x8 ../../../../../CMakeFiles/board_bl.dir/targets/taranis/lcd_driver_spi.cpp.obj
                0x080024d6                lcdPageSet(unsigned char)
 *fill*         0x080024de        0x2 ffff
 .text._Z8lcdStartv
                0x080024e0       0x90 ../../../../../CMakeFiles/board_bl.dir/targets/taranis/lcd_driver_spi.cpp.obj
                0x080024e0                lcdStart()
 .text._Z14lcdRefreshWaitv
                0x08002570       0x10 ../../../../../CMakeFiles/board_bl.dir/targets/taranis/lcd_driver_spi.cpp.obj
                0x08002570                lcdRefreshWait()
 .text.DMA1_Stream7_IRQHandler
                0x08002580       0x54 ../../../../../CMakeFiles/board_bl.dir/targets/taranis/lcd_driver_spi.cpp.obj
                0x08002580                DMA1_Stream7_IRQHandler
 .text._Z6lcdOffv
                0x080025d4       0x28 ../../../../../CMakeFiles/board_bl.dir/targets/taranis/lcd_driver_spi.cpp.obj
                0x080025d4                lcdOff()
 .text._Z8lcdResetv
                0x080025fc       0x28 ../../../../../CMakeFiles/board_bl.dir/targets/taranis/lcd_driver_spi.cpp.obj
                0x080025fc                lcdReset()
 .text._Z7lcdInitv
                0x08002624        0xe ../../../../../CMakeFiles/board_bl.dir/targets/taranis/lcd_driver_spi.cpp.obj
                0x08002624                lcdInit()
 *fill*         0x08002632        0x2 ffff
 .text._Z13lcdInitFinishv
                0x08002634       0x38 ../../../../../CMakeFiles/board_bl.dir/targets/taranis/lcd_driver_spi.cpp.obj
                0x08002634                lcdInitFinish()
 .text._Z10lcdRefreshb
                0x0800266c       0x9c ../../../../../CMakeFiles/board_bl.dir/targets/taranis/lcd_driver_spi.cpp.obj
                0x0800266c                lcdRefresh(bool)
 .text._Z13lcdSetRefVolth
                0x08002708       0x24 ../../../../../CMakeFiles/board_bl.dir/targets/taranis/lcd_driver_spi.cpp.obj
                0x08002708                lcdSetRefVolt(unsigned char)
 .text._Z18_init_reboot_causev
                0x0800272c       0x2c ../../../../../CMakeFiles/board_bl.dir/targets/common/arm/stm32/abnormal_reboot.cpp.obj
                0x0800272c                _init_reboot_cause()
 .text._Z22abnormalRebootGetCausev
                0x08002758       0x10 ../../../../../CMakeFiles/board_bl.dir/targets/common/arm/stm32/abnormal_reboot.cpp.obj
                0x08002758                abnormalRebootGetCause()
 .text._Z20abnormalRebootGetCmdv
                0x08002768        0xc ../../../../../CMakeFiles/board_bl.dir/targets/common/arm/stm32/abnormal_reboot.cpp.obj
                0x08002768                abnormalRebootGetCmd()
 .text.delaysInit
                0x08002774       0x20 ../../../../../CMakeFiles/board_bl.dir/targets/common/arm/stm32/delays_driver.cpp.obj
                0x08002774                delaysInit
 .text.delay_us
                0x08002794       0x24 ../../../../../CMakeFiles/board_bl.dir/targets/common/arm/stm32/delays_driver.cpp.obj
                0x08002794                delay_us
 .text._Z9delay_1msv
                0x080027b8       0x24 ../../../../../CMakeFiles/board_bl.dir/targets/common/arm/stm32/delays_driver.cpp.obj
                0x080027b8                delay_1ms()
 .text.delay_ms
                0x080027dc       0x10 ../../../../../CMakeFiles/board_bl.dir/targets/common/arm/stm32/delays_driver.cpp.obj
                0x080027dc                delay_ms
 .text._ZL22stm32_flash_get_sectorm
                0x080027ec       0x1a ../../../../../CMakeFiles/board_bl.dir/targets/common/arm/stm32/flash_driver.cpp.obj
 .text._ZL19stm32_flash_programmPvm
                0x08002806       0x36 ../../../../../CMakeFiles/board_bl.dir/targets/common/arm/stm32/flash_driver.cpp.obj
 .text._ZL24stm32_flash_erase_sectorm
                0x0800283c       0x38 ../../../../../CMakeFiles/board_bl.dir/targets/common/arm/stm32/flash_driver.cpp.obj
 .text._Z10flashWritePmPKm
                0x08002874       0x46 ../../../../../CMakeFiles/board_bl.dir/targets/common/arm/stm32/flash_driver.cpp.obj
                0x08002874                flashWrite(unsigned long*, unsigned long const*)
 *fill*         0x080028ba        0x2 ffff
 .text._Z15isFirmwareStartPKh
                0x080028bc       0x34 ../../../../../CMakeFiles/board_bl.dir/targets/common/arm/stm32/flash_driver.cpp.obj
                0x080028bc                isFirmwareStart(unsigned char const*)
 .text.pwrInit  0x080028f0       0x54 ../../../../../CMakeFiles/board_bl.dir/targets/common/arm/stm32/pwr_driver.cpp.obj
                0x080028f0                pwrInit
 .text.pwrOn    0x08002944       0x1c ../../../../../CMakeFiles/board_bl.dir/targets/common/arm/stm32/pwr_driver.cpp.obj
                0x08002944                pwrOn
 .text.pwrOff   0x08002960        0xc ../../../../../CMakeFiles/board_bl.dir/targets/common/arm/stm32/pwr_driver.cpp.obj
                0x08002960                pwrOff
 .text.pwrPressed
                0x0800296c       0x14 ../../../../../CMakeFiles/board_bl.dir/targets/common/arm/stm32/pwr_driver.cpp.obj
                0x0800296c                pwrPressed
 .text.pwrOffPressed
                0x08002980        0x4 ../../../../../CMakeFiles/board_bl.dir/targets/common/arm/stm32/pwr_driver.cpp.obj
                0x08002980                pwrOffPressed
 .text.pwrResetHandler
                0x08002984       0x12 ../../../../../CMakeFiles/board_bl.dir/targets/common/arm/stm32/pwr_driver.cpp.obj
                0x08002984                pwrResetHandler
 *fill*         0x08002996        0x2 ffff
 .text._Z13watchdogResetv
                0x08002998       0x10 ../../../../../CMakeFiles/board_bl.dir/targets/common/arm/stm32/watchdog_driver.cpp.obj
                0x08002998                watchdogReset()
 .text._Z23rotaryEncoderStartDelayv
                0x080029a8        0xc ../../../../../CMakeFiles/board_bl.dir/targets/common/arm/stm32/rotary_encoder_driver.cpp.obj
                0x080029a8                rotaryEncoderStartDelay()
 .text._Z21rotaryEncoderGetValuev
                0x080029b4        0xc ../../../../../CMakeFiles/board_bl.dir/targets/common/arm/stm32/rotary_encoder_driver.cpp.obj
                0x080029b4                rotaryEncoderGetValue()
 .text._Z18rotaryEncoderCheckv
                0x080029c0       0x8c ../../../../../CMakeFiles/board_bl.dir/targets/common/arm/stm32/rotary_encoder_driver.cpp.obj
                0x080029c0                rotaryEncoderCheck()
 .text._Z17rotaryEncoderInitv
                0x08002a4c       0xf4 ../../../../../CMakeFiles/board_bl.dir/targets/common/arm/stm32/rotary_encoder_driver.cpp.obj
                0x08002a4c                rotaryEncoderInit()
 .text.TIM5_IRQHandler
                0x08002b40       0x18 ../../../../../CMakeFiles/board_bl.dir/targets/common/arm/stm32/rotary_encoder_driver.cpp.obj
                0x08002b40                TIM5_IRQHandler
 .text._Z20bootloaderInitScreenv
                0x08002b58       0x18 ../../../../../CMakeFiles/board_bl.dir/targets/taranis/bootloader/boot_menu.cpp.obj
                0x08002b58                bootloaderInitScreen()
 .text._Z22bootloaderDrawFilenamePKchb
                0x08002b70       0x1a ../../../../../CMakeFiles/board_bl.dir/targets/taranis/bootloader/boot_menu.cpp.obj
                0x08002b70                bootloaderDrawFilename(char const*, unsigned char, bool)
 *fill*         0x08002b8a        0x2 ffff
 .text._Z19checkFirmwareFlavorPKc
                0x08002b8c       0x2c ../../../../../CMakeFiles/board_bl.dir/targets/taranis/bootloader/boot_menu.cpp.obj
                0x08002b8c                checkFirmwareFlavor(char const*)
 .text._Z20bootloaderDrawScreen15BootloaderStateiPKc
                0x08002bb8      0x1a4 ../../../../../CMakeFiles/board_bl.dir/targets/taranis/bootloader/boot_menu.cpp.obj
                0x08002bb8                bootloaderDrawScreen(BootloaderState, int, char const*)
 .text._Z26bootloaderGetMenuItemCounti
                0x08002d5c        0x2 ../../../../../CMakeFiles/board_bl.dir/targets/taranis/bootloader/boot_menu.cpp.obj
                0x08002d5c                bootloaderGetMenuItemCount(int)
 .text._Z19bootloaderRadioMenumt
                0x08002d5e        0x4 ../../../../../CMakeFiles/board_bl.dir/targets/taranis/bootloader/boot_menu.cpp.obj
                0x08002d5e                bootloaderRadioMenu(unsigned long, unsigned short)
 .text._Z6blExitv
                0x08002d62       0x14 ../../../../../CMakeFiles/board_bl.dir/targets/taranis/bootloader/boot_menu.cpp.obj
                0x08002d62                blExit()
 *fill*         0x08002d76        0x2 ffff
 .text.LL_RCC_GetSystemClocksFreq
                0x08002d78       0x8c /var/folders/y3/f8btrhyd4slc30lssmbw5_300000gp/T//ccnR4qFE.ltrans0.ltrans.o
 .text.USB_FlushTxFifo
                0x08002e04       0x30 /var/folders/y3/f8btrhyd4slc30lssmbw5_300000gp/T//ccnR4qFE.ltrans0.ltrans.o
 .text.USB_FlushRxFifo
                0x08002e34       0x2c /var/folders/y3/f8btrhyd4slc30lssmbw5_300000gp/T//ccnR4qFE.ltrans0.ltrans.o
 .text.USB_CoreReset
                0x08002e60       0x48 /var/folders/y3/f8btrhyd4slc30lssmbw5_300000gp/T//ccnR4qFE.ltrans0.ltrans.o
 .text.HAL_Delay
                0x08002ea8       0x14 /var/folders/y3/f8btrhyd4slc30lssmbw5_300000gp/T//ccnR4qFE.ltrans0.ltrans.o
 .text.USBD_MSC_GetDeviceQualifierDescriptor
                0x08002ebc        0xc /var/folders/y3/f8btrhyd4slc30lssmbw5_300000gp/T//ccnR4qFE.ltrans0.ltrans.o
 .text.USBD_FS_DeviceDescriptor
                0x08002ec8       0x34 /var/folders/y3/f8btrhyd4slc30lssmbw5_300000gp/T//ccnR4qFE.ltrans0.ltrans.o
 .text.USBD_FS_LangIDStrDescriptor
                0x08002efc       0x18 /var/folders/y3/f8btrhyd4slc30lssmbw5_300000gp/T//ccnR4qFE.ltrans0.ltrans.o
 .text._ZL24STORAGE_IsWriteProtectedh
                0x08002f14        0x4 /var/folders/y3/f8btrhyd4slc30lssmbw5_300000gp/T//ccnR4qFE.ltrans0.ltrans.o
 .text._ZL17STORAGE_GetMaxLunv
                0x08002f18        0x4 /var/folders/y3/f8btrhyd4slc30lssmbw5_300000gp/T//ccnR4qFE.ltrans0.ltrans.o
 .text.LL_APB2_GRP1_EnableClock.lto_priv.0
                0x08002f1c       0x1c /var/folders/y3/f8btrhyd4slc30lssmbw5_300000gp/T//ccnR4qFE.ltrans0.ltrans.o
 .text._Z15timersGetUsTickv
                0x08002f38       0x28 /var/folders/y3/f8btrhyd4slc30lssmbw5_300000gp/T//ccnR4qFE.ltrans0.ltrans.o
 .text._ZL17sdcard_spi_statush
                0x08002f60        0x4 /var/folders/y3/f8btrhyd4slc30lssmbw5_300000gp/T//ccnR4qFE.ltrans0.ltrans.o
 .text.LL_APB1_GRP1_EnableClock.lto_priv.0
                0x08002f64       0x1c /var/folders/y3/f8btrhyd4slc30lssmbw5_300000gp/T//ccnR4qFE.ltrans0.ltrans.o
 .text._ZL18_half_duplex_inputPK13stm32_usart_t
                0x08002f80       0x34 /var/folders/y3/f8btrhyd4slc30lssmbw5_300000gp/T//ccnR4qFE.ltrans0.ltrans.o
 .text._ZL18_usart_isr_handler12_STM32_USART
                0x08002fb4      0x124 /var/folders/y3/f8btrhyd4slc30lssmbw5_300000gp/T//ccnR4qFE.ltrans0.ltrans.o
 .text.LL_AHB1_GRP1_EnableClock.lto_priv.0
                0x080030d8       0x1c /var/folders/y3/f8btrhyd4slc30lssmbw5_300000gp/T//ccnR4qFE.ltrans0.ltrans.o
 .text._Z11gpio_set_afmh
                0x080030f4       0x42 /var/folders/y3/f8btrhyd4slc30lssmbw5_300000gp/T//ccnR4qFE.ltrans0.ltrans.o
 .text._ZL23stm32_dma_check_tc_flagP11DMA_TypeDefm
                0x08003136       0x86 /var/folders/y3/f8btrhyd4slc30lssmbw5_300000gp/T//ccnR4qFE.ltrans0.ltrans.o
 .text._ZL18_dma_enable_streamP11DMA_TypeDefmPKvm
                0x080031bc       0x34 /var/folders/y3/f8btrhyd4slc30lssmbw5_300000gp/T//ccnR4qFE.ltrans0.ltrans.o
 .text._ZL6_crc_7PKhi
                0x080031f0       0x32 /var/folders/y3/f8btrhyd4slc30lssmbw5_300000gp/T//ccnR4qFE.ltrans0.ltrans.o
 *fill*         0x08003222        0x2 ffff
 .text._Z26stm32_spi_set_max_baudratePK11stm32_spi_tm.constprop.0
                0x08003224       0x60 /var/folders/y3/f8btrhyd4slc30lssmbw5_300000gp/T//ccnR4qFE.ltrans0.ltrans.o
 .text.USBD_GetString.part.0.constprop.0
                0x08003284       0x44 /var/folders/y3/f8btrhyd4slc30lssmbw5_300000gp/T//ccnR4qFE.ltrans0.ltrans.o
 .text.USBD_FS_ProductStrDescriptor
                0x080032c8       0x14 /var/folders/y3/f8btrhyd4slc30lssmbw5_300000gp/T//ccnR4qFE.ltrans0.ltrans.o
 .text.USBD_FS_ManufacturerStrDescriptor
                0x080032dc       0x14 /var/folders/y3/f8btrhyd4slc30lssmbw5_300000gp/T//ccnR4qFE.ltrans0.ltrans.o
 .text.USBD_FS_SerialStrDescriptor
                0x080032f0       0x14 /var/folders/y3/f8btrhyd4slc30lssmbw5_300000gp/T//ccnR4qFE.ltrans0.ltrans.o
 .text.USBD_FS_ConfigStrDescriptor
                0x08003304       0x14 /var/folders/y3/f8btrhyd4slc30lssmbw5_300000gp/T//ccnR4qFE.ltrans0.ltrans.o
 .text.USBD_FS_InterfaceStrDescriptor
                0x08003318       0x14 /var/folders/y3/f8btrhyd4slc30lssmbw5_300000gp/T//ccnR4qFE.ltrans0.ltrans.o
 .text.USBD_GetEpDesc.constprop.0
                0x0800332c       0x2c /var/folders/y3/f8btrhyd4slc30lssmbw5_300000gp/T//ccnR4qFE.ltrans0.ltrans.o
 .text.USBD_MSC_GetHSCfgDesc
                0x08003358       0x34 /var/folders/y3/f8btrhyd4slc30lssmbw5_300000gp/T//ccnR4qFE.ltrans0.ltrans.o
 .text.USBD_MSC_GetFSCfgDesc
                0x0800338c       0x34 /var/folders/y3/f8btrhyd4slc30lssmbw5_300000gp/T//ccnR4qFE.ltrans0.ltrans.o
 .text.USBD_MSC_GetOtherSpeedCfgDesc
                0x080033c0        0x4 /var/folders/y3/f8btrhyd4slc30lssmbw5_300000gp/T//ccnR4qFE.ltrans0.ltrans.o
 .text.FLASH_WaitForLastOperation.constprop.0
                0x080033c4       0xa4 /var/folders/y3/f8btrhyd4slc30lssmbw5_300000gp/T//ccnR4qFE.ltrans0.ltrans.o
 .text._Z23stm32_spi_transfer_bytePK11stm32_spi_th.isra.0
                0x08003468       0x12 /var/folders/y3/f8btrhyd4slc30lssmbw5_300000gp/T//ccnR4qFE.ltrans0.ltrans.o
 .text._Z24stm32_spi_transfer_bytesPK11stm32_spi_tPKhPht
                0x0800347a       0x2e /var/folders/y3/f8btrhyd4slc30lssmbw5_300000gp/T//ccnR4qFE.ltrans0.ltrans.o
 .text.USBD_LL_ClearStallEP.isra.0
                0x080034a8       0x82 /var/folders/y3/f8btrhyd4slc30lssmbw5_300000gp/T//ccnR4qFE.ltrans0.ltrans.o
 .text.USBD_LL_FlushEP.isra.0
                0x0800352a       0x30 /var/folders/y3/f8btrhyd4slc30lssmbw5_300000gp/T//ccnR4qFE.ltrans0.ltrans.o
 *fill*         0x0800355a        0x2 ffff
 .text.USBD_LL_CloseEP.isra.0
                0x0800355c       0xd8 /var/folders/y3/f8btrhyd4slc30lssmbw5_300000gp/T//ccnR4qFE.ltrans0.ltrans.o
 .text.USBD_MSC_DeInit
                0x08003634       0x36 /var/folders/y3/f8btrhyd4slc30lssmbw5_300000gp/T//ccnR4qFE.ltrans0.ltrans.o
 .text.USBD_LL_OpenEP.isra.0
                0x0800366a       0xc0 /var/folders/y3/f8btrhyd4slc30lssmbw5_300000gp/T//ccnR4qFE.ltrans0.ltrans.o
 .text.SCSI_SenseCode.isra.0
                0x0800372a       0x38 /var/folders/y3/f8btrhyd4slc30lssmbw5_300000gp/T//ccnR4qFE.ltrans0.ltrans.o
 .text.SCSI_CheckAddressRange.isra.0
                0x08003762       0x2a /var/folders/y3/f8btrhyd4slc30lssmbw5_300000gp/T//ccnR4qFE.ltrans0.ltrans.o
 .text.SCSI_UpdateBotData.isra.0
                0x0800378c       0x14 /var/folders/y3/f8btrhyd4slc30lssmbw5_300000gp/T//ccnR4qFE.ltrans0.ltrans.o
 .text.USBD_ClrClassConfig.isra.0
                0x080037a0        0x8 /var/folders/y3/f8btrhyd4slc30lssmbw5_300000gp/T//ccnR4qFE.ltrans0.ltrans.o
 .text.USB_EP0_OutStart.isra.0
                0x080037a8       0x4c /var/folders/y3/f8btrhyd4slc30lssmbw5_300000gp/T//ccnR4qFE.ltrans0.ltrans.o
 .text.USBD_LL_StallEP.isra.0
                0x080037f4       0x8e /var/folders/y3/f8btrhyd4slc30lssmbw5_300000gp/T//ccnR4qFE.ltrans0.ltrans.o
 .text.MSC_BOT_Abort
                0x08003882       0x4a /var/folders/y3/f8btrhyd4slc30lssmbw5_300000gp/T//ccnR4qFE.ltrans0.ltrans.o
 .text.USBD_CtlError.isra.0
                0x080038cc       0x16 /var/folders/y3/f8btrhyd4slc30lssmbw5_300000gp/T//ccnR4qFE.ltrans0.ltrans.o
 .text.USB_DevDisconnect.isra.0
                0x080038e2       0x1a /var/folders/y3/f8btrhyd4slc30lssmbw5_300000gp/T//ccnR4qFE.ltrans0.ltrans.o
 .text.USB_DevConnect.isra.0
                0x080038fc       0x1a /var/folders/y3/f8btrhyd4slc30lssmbw5_300000gp/T//ccnR4qFE.ltrans0.ltrans.o
 *fill*         0x08003916        0x2 ffff
 .text.USB_EPStartXfer.isra.0
                0x08003918      0x18c /var/folders/y3/f8btrhyd4slc30lssmbw5_300000gp/T//ccnR4qFE.ltrans0.ltrans.o
 .text.USB_EP0StartXfer.isra.0
                0x08003aa4       0xf0 /var/folders/y3/f8btrhyd4slc30lssmbw5_300000gp/T//ccnR4qFE.ltrans0.ltrans.o
 .text.USBD_LL_PrepareReceive.isra.0
                0x08003b94       0x48 /var/folders/y3/f8btrhyd4slc30lssmbw5_300000gp/T//ccnR4qFE.ltrans0.ltrans.o
 .text.USBD_MSC_Init
                0x08003bdc       0x98 /var/folders/y3/f8btrhyd4slc30lssmbw5_300000gp/T//ccnR4qFE.ltrans0.ltrans.o
 .text.USBD_LL_Transmit.isra.0
                0x08003c74       0x42 /var/folders/y3/f8btrhyd4slc30lssmbw5_300000gp/T//ccnR4qFE.ltrans0.ltrans.o
 .text.SCSI_ProcessRead
                0x08003cb6       0x96 /var/folders/y3/f8btrhyd4slc30lssmbw5_300000gp/T//ccnR4qFE.ltrans0.ltrans.o
 .text.MSC_BOT_SendCSW
                0x08003d4c       0x44 /var/folders/y3/f8btrhyd4slc30lssmbw5_300000gp/T//ccnR4qFE.ltrans0.ltrans.o
 .text.SCSI_ProcessWrite
                0x08003d90       0xa4 /var/folders/y3/f8btrhyd4slc30lssmbw5_300000gp/T//ccnR4qFE.ltrans0.ltrans.o
 .text.SCSI_ProcessCmd
                0x08003e34      0x4e8 /var/folders/y3/f8btrhyd4slc30lssmbw5_300000gp/T//ccnR4qFE.ltrans0.ltrans.o
 .text.USBD_MSC_DataIn
                0x0800431c       0x3c /var/folders/y3/f8btrhyd4slc30lssmbw5_300000gp/T//ccnR4qFE.ltrans0.ltrans.o
 .text.USBD_MSC_DataOut
                0x08004358       0xe4 /var/folders/y3/f8btrhyd4slc30lssmbw5_300000gp/T//ccnR4qFE.ltrans0.ltrans.o
 .text.USBD_CtlSendStatus.isra.0
                0x0800443c       0x10 /var/folders/y3/f8btrhyd4slc30lssmbw5_300000gp/T//ccnR4qFE.ltrans0.ltrans.o
 .text.HAL_PCD_DataOutStageCallback.constprop.0
                0x0800444c       0x7c /var/folders/y3/f8btrhyd4slc30lssmbw5_300000gp/T//ccnR4qFE.ltrans0.ltrans.o
 .text.USBD_CtlSendData.isra.0
                0x080044c8       0x1a /var/folders/y3/f8btrhyd4slc30lssmbw5_300000gp/T//ccnR4qFE.ltrans0.ltrans.o
 *fill*         0x080044e2        0x2 ffff
 .text.USBD_MSC_Setup
                0x080044e4      0x140 /var/folders/y3/f8btrhyd4slc30lssmbw5_300000gp/T//ccnR4qFE.ltrans0.ltrans.o
 .text.LL_DMA_Init.isra.0
                0x08004624       0x80 /var/folders/y3/f8btrhyd4slc30lssmbw5_300000gp/T//ccnR4qFE.ltrans0.ltrans.o
 .text.LL_DMA_DeInit.isra.0
                0x080046a4      0x174 /var/folders/y3/f8btrhyd4slc30lssmbw5_300000gp/T//ccnR4qFE.ltrans0.ltrans.o
 .text._ZL12STORAGE_Inith
                0x08004818        0xc /var/folders/y3/f8btrhyd4slc30lssmbw5_300000gp/T//ccnR4qFE.ltrans0.ltrans.o
 .text._ZL12STORAGE_ReadhPhmt
                0x08004824       0x22 /var/folders/y3/f8btrhyd4slc30lssmbw5_300000gp/T//ccnR4qFE.ltrans0.ltrans.o
 .text._ZL13STORAGE_WritehPhmt
                0x08004846       0x22 /var/folders/y3/f8btrhyd4slc30lssmbw5_300000gp/T//ccnR4qFE.ltrans0.ltrans.o
 .text._ZL19STORAGE_GetCapacityhPmPt
                0x08004868       0x3c /var/folders/y3/f8btrhyd4slc30lssmbw5_300000gp/T//ccnR4qFE.ltrans0.ltrans.o
 .text._ZL15STORAGE_IsReadyh
                0x080048a4       0x20 /var/folders/y3/f8btrhyd4slc30lssmbw5_300000gp/T//ccnR4qFE.ltrans0.ltrans.o
 .text.LL_GPIO_Init
                0x080048c4      0x136 /var/folders/y3/f8btrhyd4slc30lssmbw5_300000gp/T//ccnR4qFE.ltrans0.ltrans.o
                0x080048c4                LL_GPIO_Init
 .text.LL_GPIO_StructInit
                0x080049fa       0x16 /var/folders/y3/f8btrhyd4slc30lssmbw5_300000gp/T//ccnR4qFE.ltrans0.ltrans.o
                0x080049fa                LL_GPIO_StructInit
 .text._Z15timersGetMsTickv
                0x08004a10        0xc /var/folders/y3/f8btrhyd4slc30lssmbw5_300000gp/T//ccnR4qFE.ltrans0.ltrans.o
                0x08004a10                timersGetMsTick()
 .text.HAL_FLASH_Program
                0x08004a1c       0xc0 /var/folders/y3/f8btrhyd4slc30lssmbw5_300000gp/T//ccnR4qFE.ltrans0.ltrans.o
                0x08004a1c                HAL_FLASH_Program
 .text.HAL_FLASH_Unlock
                0x08004adc       0x24 /var/folders/y3/f8btrhyd4slc30lssmbw5_300000gp/T//ccnR4qFE.ltrans0.ltrans.o
                0x08004adc                HAL_FLASH_Unlock
 .text.HAL_FLASH_Lock
                0x08004b00       0x14 /var/folders/y3/f8btrhyd4slc30lssmbw5_300000gp/T//ccnR4qFE.ltrans0.ltrans.o
                0x08004b00                HAL_FLASH_Lock
 .text.HAL_FLASHEx_Erase
                0x08004b14      0x128 /var/folders/y3/f8btrhyd4slc30lssmbw5_300000gp/T//ccnR4qFE.ltrans0.ltrans.o
                0x08004b14                HAL_FLASHEx_Erase
 .text._Z10usbPluggedv
                0x08004c3c       0x28 /var/folders/y3/f8btrhyd4slc30lssmbw5_300000gp/T//ccnR4qFE.ltrans0.ltrans.o
                0x08004c3c                usbPlugged()
 .text._Z9gpio_readm
                0x08004c64       0x14 /var/folders/y3/f8btrhyd4slc30lssmbw5_300000gp/T//ccnR4qFE.ltrans0.ltrans.o
                0x08004c64                gpio_read(unsigned long)
 .text.OTG_FS_IRQHandler
                0x08004c78      0xdac /var/folders/y3/f8btrhyd4slc30lssmbw5_300000gp/T//ccnR4qFE.ltrans0.ltrans.o
                0x08004c78                OTG_FS_IRQHandler
 .text._Z8usbStartv
                0x08005a24      0x474 /var/folders/y3/f8btrhyd4slc30lssmbw5_300000gp/T//ccnR4qFE.ltrans0.ltrans.o
                0x08005a24                usbStart()
 .text._Z7usbStopv
                0x08005e98       0xe4 /var/folders/y3/f8btrhyd4slc30lssmbw5_300000gp/T//ccnR4qFE.ltrans0.ltrans.o
                0x08005e98                usbStop()
 .text._Z10timersInitv
                0x08005f7c       0x4c /var/folders/y3/f8btrhyd4slc30lssmbw5_300000gp/T//ccnR4qFE.ltrans0.ltrans.o
                0x08005f7c                timersInit()
 .text._Z24stm32_timer_enable_clockP11TIM_TypeDef
                0x08005fc8       0x38 /var/folders/y3/f8btrhyd4slc30lssmbw5_300000gp/T//ccnR4qFE.ltrans0.ltrans.o
                0x08005fc8                stm32_timer_enable_clock(TIM_TypeDef*)
 .text.TIM8_TRG_COM_TIM14_IRQHandler
                0x08006000       0x60 /var/folders/y3/f8btrhyd4slc30lssmbw5_300000gp/T//ccnR4qFE.ltrans0.ltrans.o
                0x08006000                TIM8_TRG_COM_TIM14_IRQHandler
 .text.EXTI1_IRQHandler
                0x08006060       0x4c /var/folders/y3/f8btrhyd4slc30lssmbw5_300000gp/T//ccnR4qFE.ltrans0.ltrans.o
                0x08006060                EXTI1_IRQHandler
 .text.EXTI4_IRQHandler
                0x080060ac       0x4c /var/folders/y3/f8btrhyd4slc30lssmbw5_300000gp/T//ccnR4qFE.ltrans0.ltrans.o
                0x080060ac                EXTI4_IRQHandler
 .text.EXTI9_5_IRQHandler
                0x080060f8       0x3c /var/folders/y3/f8btrhyd4slc30lssmbw5_300000gp/T//ccnR4qFE.ltrans0.ltrans.o
                0x080060f8                EXTI9_5_IRQHandler
 .text.EXTI15_10_IRQHandler
                0x08006134       0x40 /var/folders/y3/f8btrhyd4slc30lssmbw5_300000gp/T//ccnR4qFE.ltrans0.ltrans.o
                0x08006134                EXTI15_10_IRQHandler
 .text._Z17stm32_exti_enablemhPFvvE
                0x08006174       0xd0 /var/folders/y3/f8btrhyd4slc30lssmbw5_300000gp/T//ccnR4qFE.ltrans0.ltrans.o
                0x08006174                stm32_exti_enable(unsigned long, unsigned char, void (*)())
 .text.USART1_IRQHandler
                0x08006244        0x6 /var/folders/y3/f8btrhyd4slc30lssmbw5_300000gp/T//ccnR4qFE.ltrans0.ltrans.o
                0x08006244                USART1_IRQHandler
 .text.USART2_IRQHandler
                0x0800624a        0x6 /var/folders/y3/f8btrhyd4slc30lssmbw5_300000gp/T//ccnR4qFE.ltrans0.ltrans.o
                0x0800624a                USART2_IRQHandler
 .text.USART3_IRQHandler
                0x08006250        0x6 /var/folders/y3/f8btrhyd4slc30lssmbw5_300000gp/T//ccnR4qFE.ltrans0.ltrans.o
                0x08006250                USART3_IRQHandler
 .text.UART4_IRQHandler
                0x08006256        0x6 /var/folders/y3/f8btrhyd4slc30lssmbw5_300000gp/T//ccnR4qFE.ltrans0.ltrans.o
                0x08006256                UART4_IRQHandler
 .text.USART6_IRQHandler
                0x0800625c        0x6 /var/folders/y3/f8btrhyd4slc30lssmbw5_300000gp/T//ccnR4qFE.ltrans0.ltrans.o
                0x0800625c                USART6_IRQHandler
 .text._Z23stm32_gpio_enable_clockP12GPIO_TypeDef
                0x08006262       0x14 /var/folders/y3/f8btrhyd4slc30lssmbw5_300000gp/T//ccnR4qFE.ltrans0.ltrans.o
                0x08006262                stm32_gpio_enable_clock(GPIO_TypeDef*)
 *fill*         0x08006276        0x2 ffff
 .text._Z22stm32_dma_enable_clockP11DMA_TypeDef
                0x08006278       0x24 /var/folders/y3/f8btrhyd4slc30lssmbw5_300000gp/T//ccnR4qFE.ltrans0.ltrans.o
                0x08006278                stm32_dma_enable_clock(DMA_TypeDef*)
 .text._Z9gpio_initmhh
                0x0800629c       0x66 /var/folders/y3/f8btrhyd4slc30lssmbw5_300000gp/T//ccnR4qFE.ltrans0.ltrans.o
                0x0800629c                gpio_init(unsigned long, unsigned char, unsigned char)
 .text._Z12gpio_init_afmhh
                0x08006302       0x60 /var/folders/y3/f8btrhyd4slc30lssmbw5_300000gp/T//ccnR4qFE.ltrans0.ltrans.o
                0x08006302                gpio_init_af(unsigned long, unsigned char, unsigned char)
 *fill*         0x08006362        0x2 ffff
 .text._Z7usbInitv
                0x08006364       0x38 /var/folders/y3/f8btrhyd4slc30lssmbw5_300000gp/T//ccnR4qFE.ltrans0.ltrans.o
                0x08006364                usbInit()
 .text._Z8gpio_setm
                0x0800639c       0x10 /var/folders/y3/f8btrhyd4slc30lssmbw5_300000gp/T//ccnR4qFE.ltrans0.ltrans.o
                0x0800639c                gpio_set(unsigned long)
 .text._Z18stm32_spi_unselectPK11stm32_spi_t.isra.0
                0x080063ac        0x4 /var/folders/y3/f8btrhyd4slc30lssmbw5_300000gp/T//ccnR4qFE.ltrans0.ltrans.o
 .text._Z10gpio_clearm
                0x080063b0       0x12 /var/folders/y3/f8btrhyd4slc30lssmbw5_300000gp/T//ccnR4qFE.ltrans0.ltrans.o
                0x080063b0                gpio_clear(unsigned long)
 *fill*         0x080063c2        0x2 ffff
 .text._ZL18_wait_for_not_busyPK11stm32_spi_tm.constprop.0
                0x080063c4       0x44 /var/folders/y3/f8btrhyd4slc30lssmbw5_300000gp/T//ccnR4qFE.ltrans0.ltrans.o
 .text._ZL16sdcard_spi_ioctlhhPv
                0x08006408       0x40 /var/folders/y3/f8btrhyd4slc30lssmbw5_300000gp/T//ccnR4qFE.ltrans0.ltrans.o
 .text._ZL19sdcard_spi_send_cmdPK11stm32_spi_thmm
                0x08006448       0x98 /var/folders/y3/f8btrhyd4slc30lssmbw5_300000gp/T//ccnR4qFE.ltrans0.ltrans.o
 .text._ZL20sdcard_spi_send_acmdPK11stm32_spi_thmm
                0x080064e0       0x54 /var/folders/y3/f8btrhyd4slc30lssmbw5_300000gp/T//ccnR4qFE.ltrans0.ltrans.o
 .text._ZL12_read_blocksPK12sdcard_spi_thmPhttP16sd_rw_response_t
                0x08006534      0x1c0 /var/folders/y3/f8btrhyd4slc30lssmbw5_300000gp/T//ccnR4qFE.ltrans0.ltrans.o
 .text._ZL15sdcard_spi_readhPhmj
                0x080066f4       0x3c /var/folders/y3/f8btrhyd4slc30lssmbw5_300000gp/T//ccnR4qFE.ltrans0.ltrans.o
 .text._ZL13_write_blocksPK12sdcard_spi_thmPKhttP16sd_rw_response_t.constprop.0.isra.0
                0x08006730      0x1e0 /var/folders/y3/f8btrhyd4slc30lssmbw5_300000gp/T//ccnR4qFE.ltrans0.ltrans.o
 .text._ZL16sdcard_spi_writehPKhmj
                0x08006910       0x32 /var/folders/y3/f8btrhyd4slc30lssmbw5_300000gp/T//ccnR4qFE.ltrans0.ltrans.o
 .text._Z10gpio_writemi
                0x08006942        0xa /var/folders/y3/f8btrhyd4slc30lssmbw5_300000gp/T//ccnR4qFE.ltrans0.ltrans.o
                0x08006942                gpio_write(unsigned long, int)
 .text._Z22stm32_spi_enable_clockP11SPI_TypeDef
                0x0800694c       0x74 /var/folders/y3/f8btrhyd4slc30lssmbw5_300000gp/T//ccnR4qFE.ltrans0.ltrans.o
                0x0800694c                stm32_spi_enable_clock(SPI_TypeDef*)
 .text._ZL21sdcard_spi_initializeh
                0x080069c0      0x650 /var/folders/y3/f8btrhyd4slc30lssmbw5_300000gp/T//ccnR4qFE.ltrans0.ltrans.o
 .text.SystemInit
                0x08007010       0xf4 ../../../../../CMakeFiles/stm32_stdperiph.dir/targets/common/arm/stm32/f4/system_stm32f4xx.c.obj
                0x08007010                SystemInit
 .text.Reset_Handler
                0x08007104       0x54 ../../../../../CMakeFiles/stm32_stdperiph.dir/boards/generic_stm32/startup/startup_stm32f40_41xxx.s.obj
                0x08007104                Reset_Handler
 .text.Default_Handler
                0x08007158        0x2 ../../../../../CMakeFiles/stm32_stdperiph.dir/boards/generic_stm32/startup/startup_stm32f40_41xxx.s.obj
                0x08007158                DMA1_Stream3_IRQHandler
                0x08007158                HASH_RNG_IRQHandler
                0x08007158                EXTI2_IRQHandler
                0x08007158                TIM8_CC_IRQHandler
                0x08007158                DebugMon_Handler
                0x08007158                TIM1_CC_IRQHandler
                0x08007158                DMA2_Stream5_IRQHandler
                0x08007158                HardFault_Handler
                0x08007158                DMA1_Stream5_IRQHandler
                0x08007158                SysTick_Handler
                0x08007158                PVD_IRQHandler
                0x08007158                SDIO_IRQHandler
                0x08007158                TAMP_STAMP_IRQHandler
                0x08007158                PendSV_Handler
                0x08007158                NMI_Handler
                0x08007158                CAN2_RX1_IRQHandler
                0x08007158                EXTI3_IRQHandler
                0x08007158                TIM1_UP_TIM10_IRQHandler
                0x08007158                TIM8_UP_TIM13_IRQHandler
                0x08007158                I2C3_ER_IRQHandler
                0x08007158                EXTI0_IRQHandler
                0x08007158                I2C2_EV_IRQHandler
                0x08007158                DMA1_Stream2_IRQHandler
                0x08007158                CAN1_RX0_IRQHandler
                0x08007158                FPU_IRQHandler
                0x08007158                OTG_HS_WKUP_IRQHandler
                0x08007158                UsageFault_Handler
                0x08007158                CAN2_SCE_IRQHandler
                0x08007158                DMA2_Stream2_IRQHandler
                0x08007158                SPI1_IRQHandler
                0x08007158                TIM6_DAC_IRQHandler
                0x08007158                TIM1_BRK_TIM9_IRQHandler
                0x08007158                DCMI_IRQHandler
                0x08007158                CAN2_RX0_IRQHandler
                0x08007158                DMA2_Stream3_IRQHandler
                0x08007158                CRYP_IRQHandler
                0x08007158                CAN1_RX1_IRQHandler
                0x08007158                UART5_IRQHandler
                0x08007158                DMA2_Stream0_IRQHandler
                0x08007158                TIM4_IRQHandler
                0x08007158                I2C1_EV_IRQHandler
                0x08007158                DMA1_Stream6_IRQHandler
                0x08007158                DMA1_Stream1_IRQHandler
                0x08007158                TIM3_IRQHandler
                0x08007158                RCC_IRQHandler
                0x08007158                TIM8_BRK_TIM12_IRQHandler
                0x08007158                Default_Handler
                0x08007158                ADC_IRQHandler
                0x08007158                TIM7_IRQHandler
                0x08007158                CAN2_TX_IRQHandler
                0x08007158                DMA2_Stream7_IRQHandler
                0x08007158                I2C3_EV_IRQHandler
                0x08007158                RTC_WKUP_IRQHandler
                0x08007158                ETH_WKUP_IRQHandler
                0x08007158                SPI2_IRQHandler
                0x08007158                OTG_HS_EP1_IN_IRQHandler
                0x08007158                MemManage_Handler
                0x08007158                DMA1_Stream0_IRQHandler
                0x08007158                CAN1_TX_IRQHandler
                0x08007158                SVC_Handler
                0x08007158                FSMC_IRQHandler
                0x08007158                ETH_IRQHandler
                0x08007158                OTG_HS_EP1_OUT_IRQHandler
                0x08007158                WWDG_IRQHandler
                0x08007158                TIM2_IRQHandler
                0x08007158                OTG_FS_WKUP_IRQHandler
                0x08007158                TIM1_TRG_COM_TIM11_IRQHandler
                0x08007158                OTG_HS_IRQHandler
                0x08007158                I2C2_ER_IRQHandler
                0x08007158                DMA2_Stream1_IRQHandler
                0x08007158                CAN1_SCE_IRQHandler
                0x08007158                FLASH_IRQHandler
                0x08007158                DMA2_Stream4_IRQHandler
                0x08007158                BusFault_Handler
                0x08007158                SPI3_IRQHandler
                0x08007158                DMA1_Stream4_IRQHandler
                0x08007158                I2C1_ER_IRQHandler
                0x08007158                DMA2_Stream6_IRQHandler
                0x08007158                RTC_Alarm_IRQHandler
 *fill*         0x0800715a        0x2 ffff
 .text._Z8keysInitv
                0x0800715c      0x13c ../../../../../CMakeFiles/minimal_board_lib.dir/boards/generic_stm32/inputs.cpp.obj
                0x0800715c                keysInit()
 .text._Z8readKeysv
                0x08007298       0x6c ../../../../../CMakeFiles/minimal_board_lib.dir/boards/generic_stm32/inputs.cpp.obj
                0x08007298                readKeys()
 .text._Z9readTrimsv
                0x08007304       0x64 ../../../../../CMakeFiles/minimal_board_lib.dir/boards/generic_stm32/inputs.cpp.obj
                0x08007304                readTrims()
 .text._Z21boardBLStartConditionv
                0x08007368       0x10 ../../../../../CMakeFiles/minimal_board_lib.dir/boards/generic_stm32/bl_keys.cpp.obj
                0x08007368                boardBLStartCondition()
 .text.memcmp   0x08007378       0x20 /Applications/ArmGNUToolchain/14.2.rel1/arm-none-eabi/bin/../lib/gcc/arm-none-eabi/14.2.1/../../../../arm-none-eabi/lib/thumb/v7e-m+fp/hard/libg_nano.a(libc_a-memcmp.o)
                0x08007378                memcmp
 .text.memset   0x08007398       0x10 /Applications/ArmGNUToolchain/14.2.rel1/arm-none-eabi/bin/../lib/gcc/arm-none-eabi/14.2.1/../../../../arm-none-eabi/lib/thumb/v7e-m+fp/hard/libg_nano.a(libc_a-memset.o)
                0x08007398                memset
 .text.strchr   0x080073a8       0x1a /Applications/ArmGNUToolchain/14.2.rel1/arm-none-eabi/bin/../lib/gcc/arm-none-eabi/14.2.1/../../../../arm-none-eabi/lib/thumb/v7e-m+fp/hard/libg_nano.a(libc_a-strchr.o)
                0x080073a8                strchr
 .text.strncmp  0x080073c2       0x24 /Applications/ArmGNUToolchain/14.2.rel1/arm-none-eabi/bin/../lib/gcc/arm-none-eabi/14.2.1/../../../../arm-none-eabi/lib/thumb/v7e-m+fp/hard/libg_nano.a(libc_a-strncmp.o)
                0x080073c2                strncmp
 *fill*         0x080073e6        0x2 ffff
 .text.__libc_init_array
                0x080073e8       0x48 /Applications/ArmGNUToolchain/14.2.rel1/arm-none-eabi/bin/../lib/gcc/arm-none-eabi/14.2.1/../../../../arm-none-eabi/lib/thumb/v7e-m+fp/hard/libg_nano.a(libc_a-init.o)
                0x080073e8                __libc_init_array
 .text.memcpy   0x08007430       0x1c /Applications/ArmGNUToolchain/14.2.rel1/arm-none-eabi/bin/../lib/gcc/arm-none-eabi/14.2.1/../../../../arm-none-eabi/lib/thumb/v7e-m+fp/hard/libg_nano.a(libc_a-memcpy-stub.o)
                0x08007430                memcpy
 .text          0x0800744c       0x10 /Applications/ArmGNUToolchain/14.2.rel1/arm-none-eabi/bin/../lib/gcc/arm-none-eabi/14.2.1/../../../../arm-none-eabi/lib/thumb/v7e-m+fp/hard/libg_nano.a(libc_a-strlen.o)
                0x0800744c                strlen
 *(.rodata .rodata* .gnu.linkonce.r.*)
 .rodata.check_fs.str1.1
                0x0800745c      0x16b CMakeFiles/bootloader.dir/__/__/__/__/__/thirdparty/FatFs/ff.c.obj
                                  0x9 (size before relaxing)
 .rodata.follow_path.str1.1
                0x080075c7       0x10 CMakeFiles/bootloader.dir/__/__/__/__/__/thirdparty/FatFs/ff.c.obj
 .rodata.ExCvt  0x080075c7       0x80 CMakeFiles/bootloader.dir/__/__/__/__/__/thirdparty/FatFs/ff.c.obj
 .rodata.LfnOfs
                0x08007647        0xd CMakeFiles/bootloader.dir/__/__/__/__/__/thirdparty/FatFs/ff.c.obj
 .rodata.cvt2.0
                0x08007654       0xbc CMakeFiles/bootloader.dir/__/__/__/__/__/thirdparty/FatFs/ffunicode.c.obj
 .rodata.cvt1.1
                0x08007710      0x1f2 CMakeFiles/bootloader.dir/__/__/__/__/__/thirdparty/FatFs/ffunicode.c.obj
 .rodata.uc437  0x08007902      0x100 CMakeFiles/bootloader.dir/__/__/__/__/__/thirdparty/FatFs/ffunicode.c.obj
 .rodata.font_5x7
                0x08007a02      0x249 CMakeFiles/bootloader.dir/__/__/__/__/__/gui/common/stdlcd/fonts.cpp.obj
                0x08007a02                font_5x7
 .rodata._Z18getFirmwareVersionPKh.str1.1
                0x08007c4b       0x21 CMakeFiles/bootloader.dir/__/__/__/__/__/stamp.cpp.obj
 .rodata._Z6sdInitv.str1.1
                0x08007c4b        0x3 CMakeFiles/bootloader.dir/bin_fw_files.cpp.obj
 .rodata._Z15openFirmwareDirv.str1.1
                0x08007c4b        0xc CMakeFiles/bootloader.dir/bin_fw_files.cpp.obj
 .rodata._Z22getFileFirmwareVersionP10VersionTag.str1.1
                0x08007c4b        0x8 CMakeFiles/bootloader.dir/bin_fw_files.cpp.obj
 .rodata._ZZ18rotaryEncoderCheckvE5reInc
                0x08007c4b       0x10 ../../../../../CMakeFiles/board_bl.dir/targets/common/arm/stm32/rotary_encoder_driver.cpp.obj
 .rodata._Z19checkFirmwareFlavorPKc.str1.1
                0x08007c5b        0x5 ../../../../../CMakeFiles/board_bl.dir/targets/taranis/bootloader/boot_menu.cpp.obj
 .rodata._Z20bootloaderDrawScreen15BootloaderStateiPKc.str1.1
                0x08007c5b       0xe1 ../../../../../CMakeFiles/board_bl.dir/targets/taranis/bootloader/boot_menu.cpp.obj
 .rodata.USBD_FS_ProductStrDescriptor.str1.1
                0x08007c5b       0x1c /var/folders/y3/f8btrhyd4slc30lssmbw5_300000gp/T//ccnR4qFE.ltrans0.ltrans.o
 .rodata.USBD_FS_ManufacturerStrDescriptor.str1.1
                0x08007c5b        0x7 /var/folders/y3/f8btrhyd4slc30lssmbw5_300000gp/T//ccnR4qFE.ltrans0.ltrans.o
 .rodata.USBD_FS_SerialStrDescriptor.str1.1
                0x08007c5b        0xd /var/folders/y3/f8btrhyd4slc30lssmbw5_300000gp/T//ccnR4qFE.ltrans0.ltrans.o
 .rodata.USBD_FS_ConfigStrDescriptor.str1.1
                0x08007c5b        0xb /var/folders/y3/f8btrhyd4slc30lssmbw5_300000gp/T//ccnR4qFE.ltrans0.ltrans.o
 .rodata.USBD_FS_InterfaceStrDescriptor.str1.1
                0x08007c5b        0xe /var/folders/y3/f8btrhyd4slc30lssmbw5_300000gp/T//ccnR4qFE.ltrans0.ltrans.o
 *fill*         0x08007c5b        0x1 ffff
 .rodata.sdcard_spi_driver
                0x08007c5c       0x18 /var/folders/y3/f8btrhyd4slc30lssmbw5_300000gp/T//ccnR4qFE.ltrans0.ltrans.o
                0x08007c5c                sdcard_spi_driver
 .rodata._ZL19STORAGE_Inquirydata
                0x08007c74       0x24 /var/folders/y3/f8btrhyd4slc30lssmbw5_300000gp/T//ccnR4qFE.ltrans0.ltrans.o
 .rodata.STREAM_OFFSET_TAB
                0x08007c98        0x8 /var/folders/y3/f8btrhyd4slc30lssmbw5_300000gp/T//ccnR4qFE.ltrans0.ltrans.o
 .rodata._ZL10_sd_spi_hw
                0x08007ca0       0x34 /var/folders/y3/f8btrhyd4slc30lssmbw5_300000gp/T//ccnR4qFE.ltrans0.ltrans.o
 .rodata.APBPrescTable
                0x08007cd4        0x8 ../../../../../CMakeFiles/stm32_stdperiph.dir/targets/common/arm/stm32/f4/system_stm32f4xx.c.obj
                0x08007cd4                APBPrescTable
 .rodata.AHBPrescTable
                0x08007cdc       0x10 ../../../../../CMakeFiles/stm32_stdperiph.dir/targets/common/arm/stm32/f4/system_stm32f4xx.c.obj
                0x08007cdc                AHBPrescTable
 *(.glue_7)
 .glue_7        0x08007cec        0x0 linker stubs
 *(.glue_7t)
 .glue_7t       0x08007cec        0x0 linker stubs
 *(.eh_frame)
 .eh_frame      0x08007cec        0x0 /Applications/ArmGNUToolchain/14.2.rel1/arm-none-eabi/bin/../lib/gcc/arm-none-eabi/14.2.1/thumb/v7e-m+fp/hard/crtbegin.o
 *(.data.__global_locale)
                0x08007cec                        . = ALIGN (0x4)
 *(.init)
 .init          0x08007cec        0x4 /Applications/ArmGNUToolchain/14.2.rel1/arm-none-eabi/bin/../lib/gcc/arm-none-eabi/14.2.1/thumb/v7e-m+fp/hard/crti.o
                0x08007cec                _init
 .init          0x08007cf0        0x8 /Applications/ArmGNUToolchain/14.2.rel1/arm-none-eabi/bin/../lib/gcc/arm-none-eabi/14.2.1/thumb/v7e-m+fp/hard/crtn.o
                0x08007cf8                        . = ALIGN (0x4)
                0x08007cf8                        __preinit_array_start = .
 *(.preinit_array)
                0x08007cf8                        __preinit_array_end = .
                0x08007cf8                        . = ALIGN (0x4)
                0x08007cf8                        __init_array_start = .
 *(SORT_BY_NAME(.init_array.*))
 *(.init_array)
 .init_array    0x08007cf8        0x4 /Applications/ArmGNUToolchain/14.2.rel1/arm-none-eabi/bin/../lib/gcc/arm-none-eabi/14.2.1/thumb/v7e-m+fp/hard/crtbegin.o
                0x08007cfc                        __init_array_end = .
                0x08007cfc                        . = ALIGN (0x4)
 *(.fini)
 .fini          0x08007cfc        0x4 /Applications/ArmGNUToolchain/14.2.rel1/arm-none-eabi/bin/../lib/gcc/arm-none-eabi/14.2.1/thumb/v7e-m+fp/hard/crti.o
                0x08007cfc                _fini
 .fini          0x08007d00        0x8 /Applications/ArmGNUToolchain/14.2.rel1/arm-none-eabi/bin/../lib/gcc/arm-none-eabi/14.2.1/thumb/v7e-m+fp/hard/crtn.o
                0x08007d08                        . = ALIGN (0x4)
                0x08007d08                        __fini_array_start = .
 *(.fini_array)
 .fini_array    0x08007d08        0x4 /Applications/ArmGNUToolchain/14.2.rel1/arm-none-eabi/bin/../lib/gcc/arm-none-eabi/14.2.1/thumb/v7e-m+fp/hard/crtbegin.o
 *(SORT_BY_NAME(.fini_array.*))
                0x08007d0c                        __fini_array_end = .
                0x08007d0c                        . = ALIGN (0x4)
 *crtbegin.o(.ctors)
 *(EXCLUDE_FILE(*crtend.o) .ctors)
 *(SORT_BY_NAME(.ctors.*))
 *crtend.o(.ctors)
                0x08007d0c                        . = ALIGN (0x4)
                0x08007d0c                        _etext = .
                0x08000188                        _text_load = LOADADDR (.text)

.vfp11_veneer   0x08007d0c        0x0
 .vfp11_veneer  0x08007d0c        0x0 linker stubs

.v4_bx          0x08007d0c        0x0
 .v4_bx         0x08007d0c        0x0 linker stubs

.iplt           0x08007d0c        0x0
 .iplt          0x08007d0c        0x0 /Applications/ArmGNUToolchain/14.2.rel1/arm-none-eabi/bin/../lib/gcc/arm-none-eabi/14.2.1/thumb/v7e-m+fp/hard/crtbegin.o

.ARM.extab
 *(.ARM.extab* .gnu.linkonce.armextab.*)

.ARM            0x08007d0c        0x8
                [!provide]                        PROVIDE (__exidx_start = .)
 *(.ARM.exidx* .gnu.linkonce.armexidx.*)
 .ARM.exidx     0x08007d0c        0x8 /Applications/ArmGNUToolchain/14.2.rel1/arm-none-eabi/bin/../lib/gcc/arm-none-eabi/14.2.1/../../../../arm-none-eabi/lib/thumb/v7e-m+fp/hard/libg_nano.a(libc_a-strlen.o)
                [!provide]                        PROVIDE (__exidx_end = .)

.rel.dyn        0x08007d14        0x0
 .rel.iplt      0x08007d14        0x0 /Applications/ArmGNUToolchain/14.2.rel1/arm-none-eabi/bin/../lib/gcc/arm-none-eabi/14.2.1/thumb/v7e-m+fp/hard/crtbegin.o

.bootstrap
 *(.bootstrap)

.data           0x10000000       0xd0 load address 0x08007d14
                0x10000000                        . = ALIGN (0x4)
                0x10000000                        _sdata = .
 *(.data .data*)
 .data.tenms    0x10000000        0x1 CMakeFiles/bootloader.dir/boot_menu.cpp.obj
                0x10000000                tenms
 *fill*         0x10000001        0x3 
 .data._ZL15firmwareAddress
                0x10000004        0x4 CMakeFiles/bootloader.dir/bin_fw_files.cpp.obj
 .data._ZL13_reboot_cause
                0x10000008        0x4 ../../../../../CMakeFiles/board_bl.dir/targets/common/arm/stm32/abnormal_reboot.cpp.obj
 .data.USBD_Storage_Interface_fops
                0x1000000c       0x20 /var/folders/y3/f8btrhyd4slc30lssmbw5_300000gp/T//ccnR4qFE.ltrans0.ltrans.o
 .data.USBD_MSC
                0x1000002c       0x3c /var/folders/y3/f8btrhyd4slc30lssmbw5_300000gp/T//ccnR4qFE.ltrans0.ltrans.o
 .data.FS_Desc  0x10000068       0x1c /var/folders/y3/f8btrhyd4slc30lssmbw5_300000gp/T//ccnR4qFE.ltrans0.ltrans.o
 .data.USBD_MSC_DeviceQualifierDesc
                0x10000084        0xa /var/folders/y3/f8btrhyd4slc30lssmbw5_300000gp/T//ccnR4qFE.ltrans0.ltrans.o
 *fill*         0x1000008e        0x2 
 .data.USBD_MSC_CfgDesc
                0x10000090       0x20 /var/folders/y3/f8btrhyd4slc30lssmbw5_300000gp/T//ccnR4qFE.ltrans0.ltrans.o
 .data.MSC_Page80_Inquiry_Data
                0x100000b0        0x8 /var/folders/y3/f8btrhyd4slc30lssmbw5_300000gp/T//ccnR4qFE.ltrans0.ltrans.o
 .data.MSC_Page00_Inquiry_Data
                0x100000b8        0x6 /var/folders/y3/f8btrhyd4slc30lssmbw5_300000gp/T//ccnR4qFE.ltrans0.ltrans.o
 .data.MSC_Mode_Sense6_data
                0x100000be        0x4 /var/folders/y3/f8btrhyd4slc30lssmbw5_300000gp/T//ccnR4qFE.ltrans0.ltrans.o
 .data.MSC_Mode_Sense10_data
                0x100000c2        0x8 /var/folders/y3/f8btrhyd4slc30lssmbw5_300000gp/T//ccnR4qFE.ltrans0.ltrans.o
 *fill*         0x100000ca        0x2 
 .data.SystemCoreClock
                0x100000cc        0x4 ../../../../../CMakeFiles/stm32_stdperiph.dir/targets/common/arm/stm32/f4/system_stm32f4xx.c.obj
                0x100000cc                SystemCoreClock
                0x100000d0                        . = ALIGN (0x4)
                0x100000d0                        _edata = .
                0x08007d14                        _sidata = LOADADDR (.data)

.tm_clone_table
                0x100000d0        0x0 load address 0x08007de4
 .tm_clone_table
                0x100000d0        0x0 /Applications/ArmGNUToolchain/14.2.rel1/arm-none-eabi/bin/../lib/gcc/arm-none-eabi/14.2.1/thumb/v7e-m+fp/hard/crtbegin.o
 .tm_clone_table
                0x100000d0        0x0 /Applications/ArmGNUToolchain/14.2.rel1/arm-none-eabi/bin/../lib/gcc/arm-none-eabi/14.2.1/thumb/v7e-m+fp/hard/crtend.o

.igot.plt       0x100000d0        0x0 load address 0x08007de4
 .igot.plt      0x100000d0        0x0 /Applications/ArmGNUToolchain/14.2.rel1/arm-none-eabi/bin/../lib/gcc/arm-none-eabi/14.2.1/thumb/v7e-m+fp/hard/crtbegin.o

.bss            0x100000d0     0x3144
                0x100000d0                        . = ALIGN (0x4)
                0x100000d0                        _sbss = .
 *(.bss .bss*)
 .bss.completed.1
                0x100000d0        0x1 /Applications/ArmGNUToolchain/14.2.rel1/arm-none-eabi/bin/../lib/gcc/arm-none-eabi/14.2.1/thumb/v7e-m+fp/hard/crtbegin.o
 *fill*         0x100000d1        0x3 
 .bss.object.0  0x100000d4       0x18 /Applications/ArmGNUToolchain/14.2.rel1/arm-none-eabi/bin/../lib/gcc/arm-none-eabi/14.2.1/thumb/v7e-m+fp/hard/crtbegin.o
 .bss._ZL15_fatfs_n_drives
                0x100000ec        0x1 CMakeFiles/bootloader.dir/__/__/__/__/__/hal/fatfs_diskio.cpp.obj
 *fill*         0x100000ed        0x3 
 .bss._ZL13_fatfs_drives
                0x100000f0        0x8 CMakeFiles/bootloader.dir/__/__/__/__/__/hal/fatfs_diskio.cpp.obj
 .bss.CurrVol   0x100000f8        0x1 CMakeFiles/bootloader.dir/__/__/__/__/__/thirdparty/FatFs/ff.c.obj
 *fill*         0x100000f9        0x1 
 .bss.Fsid      0x100000fa        0x2 CMakeFiles/bootloader.dir/__/__/__/__/__/thirdparty/FatFs/ff.c.obj
 .bss.FatFs     0x100000fc        0x4 CMakeFiles/bootloader.dir/__/__/__/__/__/thirdparty/FatFs/ff.c.obj
 .bss.lcdNextPos
                0x10000100        0x4 CMakeFiles/bootloader.dir/__/__/__/__/__/gui/128x64/lcd.cpp.obj
                0x10000100                lcdNextPos
 .bss.lcdLastRightPos
                0x10000104        0x4 CMakeFiles/bootloader.dir/__/__/__/__/__/gui/128x64/lcd.cpp.obj
                0x10000104                lcdLastRightPos
 .bss._ZL9trim_keys
                0x10000108       0x30 CMakeFiles/bootloader.dir/__/__/__/__/__/keys.cpp.obj
 .bss._ZL4keys  0x10000138       0x40 CMakeFiles/bootloader.dir/__/__/__/__/__/keys.cpp.obj
 .bss.inactivity
                0x10000178        0x4 CMakeFiles/bootloader.dir/__/__/__/__/__/keys.cpp.obj
                0x10000178                inactivity
 .bss.s_trim_evt
                0x1000017c        0x2 CMakeFiles/bootloader.dir/__/__/__/__/__/keys.cpp.obj
                0x1000017c                s_trim_evt
 .bss.s_evt     0x1000017e        0x2 CMakeFiles/bootloader.dir/__/__/__/__/__/keys.cpp.obj
                0x1000017e                s_evt
 .bss.valid     0x10000180        0x1 CMakeFiles/bootloader.dir/boot_menu.cpp.obj
                0x10000180                valid
 *fill*         0x10000181        0x3 
 .bss._ZZ7per10msvE15rePreviousValue
                0x10000184        0x4 CMakeFiles/bootloader.dir/boot_menu.cpp.obj
 .bss.g_tmr10ms
                0x10000188        0x4 CMakeFiles/bootloader.dir/boot_menu.cpp.obj
                0x10000188                g_tmr10ms
 .bss._ZL10BlockCount
                0x1000018c        0x4 CMakeFiles/bootloader.dir/bin_fw_files.cpp.obj
 .bss._ZL12Block_buffer
                0x10000190     0x1000 CMakeFiles/bootloader.dir/bin_fw_files.cpp.obj
 .bss._ZL7fwFiles
                0x10001190      0x71c CMakeFiles/bootloader.dir/bin_fw_files.cpp.obj
 .bss._ZL15firmwareWritten
                0x100018ac        0x4 CMakeFiles/bootloader.dir/bin_fw_files.cpp.obj
 .bss._ZL12firmwareSize
                0x100018b0        0x4 CMakeFiles/bootloader.dir/bin_fw_files.cpp.obj
 .bss._ZL9FlashFile
                0x100018b4       0x20 CMakeFiles/bootloader.dir/bin_fw_files.cpp.obj
 .bss._ZL3dir   0x100018d4       0x30 CMakeFiles/bootloader.dir/bin_fw_files.cpp.obj
 .bss.lcd_busy  0x10001904        0x1 ../../../../../CMakeFiles/board_bl.dir/targets/taranis/lcd_driver_spi.cpp.obj
                0x10001904                lcd_busy
 .bss.lcdInitFinished
                0x10001905        0x1 ../../../../../CMakeFiles/board_bl.dir/targets/taranis/lcd_driver_spi.cpp.obj
                0x10001905                lcdInitFinished
 .bss.skipUntilDetent
                0x10001906        0x1 ../../../../../CMakeFiles/board_bl.dir/targets/common/arm/stm32/rotary_encoder_driver.cpp.obj
                0x10001906                skipUntilDetent
 .bss.reChgPos  0x10001907        0x1 ../../../../../CMakeFiles/board_bl.dir/targets/common/arm/stm32/rotary_encoder_driver.cpp.obj
                0x10001907                reChgPos
 .bss._ZL8lastPins
                0x10001908        0x1 ../../../../../CMakeFiles/board_bl.dir/targets/common/arm/stm32/rotary_encoder_driver.cpp.obj
 *fill*         0x10001909        0x3 
 .bss.rotencValue
                0x1000190c        0x4 ../../../../../CMakeFiles/board_bl.dir/targets/common/arm/stm32/rotary_encoder_driver.cpp.obj
                0x1000190c                rotencValue
 .bss._ZL14_serial_states
                0x10001910       0xc8 /var/folders/y3/f8btrhyd4slc30lssmbw5_300000gp/T//ccnR4qFE.ltrans0.ltrans.o
 .bss._ZL10_isr_state
                0x100019d8        0x4 /var/folders/y3/f8btrhyd4slc30lssmbw5_300000gp/T//ccnR4qFE.ltrans0.ltrans.o
 .bss._ZL23_handlers_EXTI15_10_IRQ
                0x100019dc       0x18 /var/folders/y3/f8btrhyd4slc30lssmbw5_300000gp/T//ccnR4qFE.ltrans0.ltrans.o
 .bss._ZL21_handlers_EXTI9_5_IRQ
                0x100019f4       0x14 /var/folders/y3/f8btrhyd4slc30lssmbw5_300000gp/T//ccnR4qFE.ltrans0.ltrans.o
 .bss._ZL19_handlers_EXTI4_IRQ
                0x10001a08        0x4 /var/folders/y3/f8btrhyd4slc30lssmbw5_300000gp/T//ccnR4qFE.ltrans0.ltrans.o
 .bss._ZL19_handlers_EXTI1_IRQ
                0x10001a0c        0x4 /var/folders/y3/f8btrhyd4slc30lssmbw5_300000gp/T//ccnR4qFE.ltrans0.ltrans.o
 .bss._ZL11_sdcard_spi
                0x10001a10        0x8 /var/folders/y3/f8btrhyd4slc30lssmbw5_300000gp/T//ccnR4qFE.ltrans0.ltrans.o
 .bss._ZL15_sdcard_sectors
                0x10001a18        0x4 /var/folders/y3/f8btrhyd4slc30lssmbw5_300000gp/T//ccnR4qFE.ltrans0.ltrans.o
 .bss._ZL15watchdogTimeout
                0x10001a1c        0x4 /var/folders/y3/f8btrhyd4slc30lssmbw5_300000gp/T//ccnR4qFE.ltrans0.ltrans.o
 .bss._ZZL14_interrupt_1msvE9pre_scale
                0x10001a20        0x1 /var/folders/y3/f8btrhyd4slc30lssmbw5_300000gp/T//ccnR4qFE.ltrans0.ltrans.o
 *fill*         0x10001a21        0x3 
 .bss.hUsbDevice
                0x10001a24      0x2dc /var/folders/y3/f8btrhyd4slc30lssmbw5_300000gp/T//ccnR4qFE.ltrans0.ltrans.o
 .bss.cfgidx.0  0x10001d00        0x1 /var/folders/y3/f8btrhyd4slc30lssmbw5_300000gp/T//ccnR4qFE.ltrans0.ltrans.o
 *fill*         0x10001d01        0x3 
 .bss.hpcd_USB_OTG
                0x10001d04      0x408 /var/folders/y3/f8btrhyd4slc30lssmbw5_300000gp/T//ccnR4qFE.ltrans0.ltrans.o
 .bss._ZZ10usbPluggedvE14debouncedState
                0x1000210c        0x1 /var/folders/y3/f8btrhyd4slc30lssmbw5_300000gp/T//ccnR4qFE.ltrans0.ltrans.o
 .bss._ZZ10usbPluggedvE9lastState
                0x1000210d        0x1 /var/folders/y3/f8btrhyd4slc30lssmbw5_300000gp/T//ccnR4qFE.ltrans0.ltrans.o
 .bss.lunReady  0x1000210e        0x1 /var/folders/y3/f8btrhyd4slc30lssmbw5_300000gp/T//ccnR4qFE.ltrans0.ltrans.o
 *fill*         0x1000210f        0x1 
 .bss._ZZL19STORAGE_GetCapacityhPmPtE12sector_count
                0x10002110        0x4 /var/folders/y3/f8btrhyd4slc30lssmbw5_300000gp/T//ccnR4qFE.ltrans0.ltrans.o
 .bss.USBD_StrDesc
                0x10002114       0x62 /var/folders/y3/f8btrhyd4slc30lssmbw5_300000gp/T//ccnR4qFE.ltrans0.ltrans.o
 *fill*         0x10002176        0x2 
 .bss.mem.0     0x10002178     0x1078 /var/folders/y3/f8btrhyd4slc30lssmbw5_300000gp/T//ccnR4qFE.ltrans0.ltrans.o
 .bss.pFlash    0x100031f0       0x20 /var/folders/y3/f8btrhyd4slc30lssmbw5_300000gp/T//ccnR4qFE.ltrans0.ltrans.o
 .bss._ZL9_ms_ticks
                0x10003210        0x4 /var/folders/y3/f8btrhyd4slc30lssmbw5_300000gp/T//ccnR4qFE.ltrans0.ltrans.o
 *(COMMON)
                0x10003214                        . = ALIGN (0x4)
                0x10003214                        _ebss = .

.ram            0x20000000      0x834
                0x20000000                        . = ALIGN (0x4)
                0x20000000                        _sram = .
 *(.ram)
 .ram           0x20000000      0x400 CMakeFiles/bootloader.dir/__/__/__/__/__/gui/128x64/lcd.cpp.obj
                0x20000000                displayBuf
 .ram           0x20000400      0x230 CMakeFiles/bootloader.dir/bin_fw_files.cpp.obj
 .ram           0x20000630      0x204 /var/folders/y3/f8btrhyd4slc30lssmbw5_300000gp/T//ccnR4qFE.ltrans0.ltrans.o
                0x20000834                        . = ALIGN (0x4)
                0x20000834                        _eram = .
                0x20000834                        PROVIDE (_heap_start = _eram)

.ccm            0x10003214        0x0
                0x10003214                        . = ALIGN (0x4)
                0x10003214                        _sccm = .
 *(.ccm)
                0x10003214                        . = ALIGN (0x4)
                0x10003214                        _eccm = .
                [!provide]                        PROVIDE (_ccm_heap_start = _eccm)
                [!provide]                        PROVIDE (_ccm_heap_end = _main_stack_start)

._user_heap     0x20000834        0x0
                0x20000834                        . = ALIGN (0x4)
                0x20000834                        . = (. + MIN_HEAP_SIZE)
                0x20000834                        . = ALIGN (0x4)

.stack          0x10003214      0x400
                0x10003214                        . = ALIGN (0x4)
                0x10003614                        . = (. + MAIN_STACK_SIZE)
 *fill*         0x10003214      0x400 
                0x10003614                        . = ALIGN (0x4)

.reboot_buffer  0x1000fffc        0x4
 *(.reboot*)
 .rebootdata    0x1000fffc        0x4 ../../../../../CMakeFiles/board_bl.dir/targets/common/arm/stm32/abnormal_reboot.cpp.obj
                0x1000fffc                _reboot_cmd

/DISCARD/
 libc.a(*)
 libm.a(*)
 libgcc.a(*)

.ARM.attributes
                0x00000000       0x30
 *(.ARM.attributes)
 .ARM.attributes
                0x00000000       0x22 /Applications/ArmGNUToolchain/14.2.rel1/arm-none-eabi/bin/../lib/gcc/arm-none-eabi/14.2.1/thumb/v7e-m+fp/hard/crti.o
 .ARM.attributes
                0x00000022       0x34 /Applications/ArmGNUToolchain/14.2.rel1/arm-none-eabi/bin/../lib/gcc/arm-none-eabi/14.2.1/thumb/v7e-m+fp/hard/crtbegin.o
 .ARM.attributes
                0x00000056       0x34 CMakeFiles/bootloader.dir/__/__/__/__/__/hal/key_driver.cpp.obj
 .ARM.attributes
                0x0000008a       0x34 CMakeFiles/bootloader.dir/__/__/__/__/__/hal/storage.cpp.obj
 .ARM.attributes
                0x000000be       0x34 CMakeFiles/bootloader.dir/__/__/__/__/__/hal/fatfs_diskio.cpp.obj
 .ARM.attributes
                0x000000f2       0x34 CMakeFiles/bootloader.dir/__/__/__/__/__/thirdparty/FatFs/ff.c.obj
 .ARM.attributes
                0x00000126       0x34 CMakeFiles/bootloader.dir/__/__/__/__/__/thirdparty/FatFs/ffunicode.c.obj
 .ARM.attributes
                0x0000015a       0x34 CMakeFiles/bootloader.dir/__/__/__/__/__/gui/128x64/lcd.cpp.obj
 .ARM.attributes
                0x0000018e       0x34 CMakeFiles/bootloader.dir/__/__/__/__/__/gui/common/stdlcd/fonts.cpp.obj
 .ARM.attributes
                0x000001c2       0x34 CMakeFiles/bootloader.dir/__/__/__/__/__/gui/common/stdlcd/utf8.cpp.obj
 .ARM.attributes
                0x000001f6       0x34 CMakeFiles/bootloader.dir/__/__/__/__/__/keys.cpp.obj
 .ARM.attributes
                0x0000022a       0x34 CMakeFiles/bootloader.dir/__/__/__/__/__/strhelpers.cpp.obj
 .ARM.attributes
                0x0000025e       0x34 CMakeFiles/bootloader.dir/__/__/__/__/__/stamp.cpp.obj
 .ARM.attributes
                0x00000292       0x34 CMakeFiles/bootloader.dir/boot.cpp.obj
 .ARM.attributes
                0x000002c6       0x34 CMakeFiles/bootloader.dir/boot_menu.cpp.obj
 .ARM.attributes
                0x000002fa       0x34 CMakeFiles/bootloader.dir/bin_fw_files.cpp.obj
 .ARM.attributes
                0x0000032e       0x34 ../../../../../CMakeFiles/board_bl.dir/targets/taranis/board.cpp.obj
 .ARM.attributes
                0x00000362       0x34 ../../../../../CMakeFiles/board_bl.dir/targets/taranis/backlight_driver.cpp.obj
 .ARM.attributes
                0x00000396       0x34 ../../../../../CMakeFiles/board_bl.dir/targets/taranis/lcd_driver_spi.cpp.obj
 .ARM.attributes
                0x000003ca       0x34 ../../../../../CMakeFiles/board_bl.dir/targets/common/arm/stm32/abnormal_reboot.cpp.obj
 .ARM.attributes
                0x000003fe       0x34 ../../../../../CMakeFiles/board_bl.dir/targets/common/arm/stm32/delays_driver.cpp.obj
 .ARM.attributes
                0x00000432       0x34 ../../../../../CMakeFiles/board_bl.dir/targets/common/arm/stm32/flash_driver.cpp.obj
 .ARM.attributes
                0x00000466       0x34 ../../../../../CMakeFiles/board_bl.dir/targets/common/arm/stm32/pwr_driver.cpp.obj
 .ARM.attributes
                0x0000049a       0x34 ../../../../../CMakeFiles/board_bl.dir/targets/common/arm/stm32/watchdog_driver.cpp.obj
 .ARM.attributes
                0x000004ce       0x34 ../../../../../CMakeFiles/board_bl.dir/targets/common/arm/stm32/rotary_encoder_driver.cpp.obj
 .ARM.attributes
                0x00000502       0x34 ../../../../../CMakeFiles/board_bl.dir/targets/taranis/bootloader/boot_menu.cpp.obj
 .ARM.attributes
                0x00000536       0x32 /var/folders/y3/f8btrhyd4slc30lssmbw5_300000gp/T//ccnR4qFE.ltrans0.ltrans.o
 .ARM.attributes
                0x00000568       0x34 ../../../../../CMakeFiles/stm32_stdperiph.dir/targets/common/arm/stm32/f4/system_stm32f4xx.c.obj
 .ARM.attributes
                0x0000059c       0x21 ../../../../../CMakeFiles/stm32_stdperiph.dir/boards/generic_stm32/startup/startup_stm32f40_41xxx.s.obj
 .ARM.attributes